******************************************************************************
                  TI ARM Linker PC v5.1.6                      
******************************************************************************
>> Linked Thu Sep 03 11:13:49 2026

OUTPUT FILE NAME:   <build/app.out>
ENTRY POINT SYMBOL: "_c_int00"  address: 000c3c20


MEMORY CONFIGURATION

         name            origin    length      used     unused   attr    fill
----------------------  --------  ---------  --------  --------  ----  --------
  apdb_sec              000a0000   00000080  00000080  00000000  R     ffffffff 
  crc_sec               000a0080   00000080  00000080  00000000  R     ffffffff 
  flash                 000a0100   0025ff00  00034360  0022bba0  R  X
  stacks                08000020   00002fe0  00000000  00002fe0  RW  
  ram                   08003000   00035000  000030d0  00031f30  RW  
  io_driver_data_normal 08038000   00007ae0  00005c5c  00001e84  RW  
  io_driver_data_common 0803fae0   00000400  00000100  00000300  RW  
  shared_mem            0803fee0   00000120  00000120  00000000  RW  
  ext_ram               60000000   00200000  00000000  00200000  RW  
  ext_flash             64000000   007ffff8  00000000  007ffff8  R   
  cfg_flash             f0200000   00010000  00000000  00010000  R   


SEGMENT ALLOCATION MAP

run origin  load origin   length   init length attrs members
----------  ----------- ---------- ----------- ----- -------
000a0000    000a0000    00010558   00010558    r-x
  000a0000    000a0000    00000080   00000080    r-- .app_apdb
  000a0080    000a0080    00000080   00000080    r-- $fill000
  000a0100    000a0100    0000fb50   0000fb50    r-x .csm_code
  000afc50    000afc50    00000908   00000908    r-- .csm_const
000b0560    000b0560    00023f00   00023f00    r-x
  000b0560    000b0560    0001f550   0001f550    r-x .io_driver_code
  000cfab0    000cfab0    00002830   00002830    r-- .io_driver_const
  000d22e0    000d22e0    000013f0   000013f0    r-x .text
  000d36d0    000d36d0    00000250   00000250    r-- .const
  000d3920    000d3920    00000b40   00000b40    r-- .cinit
08003000    08003000    000030d0   00000000    rw-
  08003000    08003000    00000004   00000000    rw- .data
  08003004    08003004    000030c0   00000000    rw- .bss
  080060c8    080060c8    00000008   00000000    rw- .sysmem
08038000    08038000    00005c5c   00000000    rw-
  08038000    08038000    00000390   00000000    rw- .CSM_VAR
  08038390    08038390    000058cc   00000000    rw- .IO_DRIVER_VAR_NORMAL
0803fae0    0803fae0    00000100   00000000    rw-
  0803fae0    0803fae0    00000100   00000000    rw- .IO_DRIVER_VAR_COMMON
0803fee0    0803fee0    00000120   00000000    rw-
  0803fee0    0803fee0    00000120   00000000    rw- .TI.bound:Csm_Mcu_SharedMem


SECTION ALLOCATION MAP

 output                                  attributes/
section   page    origin      length       input sections
--------  ----  ----------  ----------   ----------------
.app_apdb 
*          0    000a0000    00000080     
                  000a0000    00000080     ert_main.obj (.APDB_SEC)

$fill000   0    000a0080    00000080     
                  000a0080    00000080     --HOLE-- [fill = ffffffff]

.csm_code 
*          0    000a0100    0000fb50     
                  000a0100    00000018     ttc500.lib : drv_asm_Csm_Mcu_Core.obj (.CSM_CODE:Csm_Mcu_EnableFpu)
                  000a0118    00000094                : drv_asm_Csm_Mcu_Core.obj (.CSM_CODE:Csm_Mcu_InitStackPointers)
                  000a01ac    00000020                : drv_asm_Csm_Mcu_Core.obj (.CSM_CODE:Csm_Mcu_CalculateSharedMemorySize)
                  000a01cc    000000d4                : drv_asm_Csm_Mcu_Core.obj (.CSM_CODE:Csm_Mcu_CheckSharedMemory)
                  000a02a0    00000010                : drv_asm_Csm_Mcu_Core.obj (.CSM_CODE:Csm_Mcu_EnableEventBusExport)
                  000a02b0    00000010                : drv_asm_Csm_Mcu_Core.obj (.CSM_CODE:Csm_Mcu_DisableEventBusExport)
                  000a02c0    00000014                : drv_asm_Csm_Mcu_Core.obj (.CSM_CODE:Csm_Mcu_EnableEccFlash)
                  000a02d4    00000014                : drv_asm_Csm_Mcu_Core.obj (.CSM_CODE:Csm_Mcu_DisableEccFlash)
                  000a02e8    00000008     --HOLE-- [fill = 00000000]
                  000a02f0    00000084                : drv_Csm_Mcu_Boot.obj (.CSM_CODE:Csm_Mcu_SetupFlash)
                  000a0374    0000000c     --HOLE-- [fill = 00000000]
                  000a0380    00000054                : drv_Csm_Mcu_Boot.obj (.CSM_CODE:Csm_Mcu_SetupPLL)
                  000a03d4    0000000c     --HOLE-- [fill = 00000000]
                  000a03e0    00000038                : drv_Csm_Mcu_Boot.obj (.CSM_CODE:Csm_Mcu_PeriphInit1)
                  000a0418    00000008     --HOLE-- [fill = 00000000]
                  000a0420    00000044                : drv_Csm_Mcu_Boot.obj (.CSM_CODE:Csm_Mcu_PeriphInit2)
                  000a0464    0000000c     --HOLE-- [fill = 00000000]
                  000a0470    00000040                : drv_Csm_Mcu_Boot.obj (.CSM_CODE:Csm_Mcu_PeriphInit3)
                  000a04b0    00000054                : drv_Csm_Mcu_Boot.obj (.CSM_CODE:Csm_Mcu_TrimLPO)
                  000a0504    00000018                : drv_asm_Csm_Mcu_Core.obj (.CSM_CODE:Csm_Mcu_CountClocks_Asm)
                  000a051c    00000004     --HOLE-- [fill = 00000000]
                  000a0520    00000018                : drv_Csm_Mcu_Boot.obj (.CSM_CODE:Csm_Mcu_Below20Mhz)
                  000a0538    00000008     --HOLE-- [fill = 00000000]
                  000a0540    00000018                : drv_Csm_Mcu_Boot.obj (.CSM_CODE:Csm_Mcu_Above20Mhz)
                  000a0558    00000008     --HOLE-- [fill = 00000000]
                  000a0560    00000014                : drv_Csm_Mcu_Boot.obj (.CSM_CODE:Csm_Mcu_WaitClocksLocked)
                  000a0574    0000000c     --HOLE-- [fill = 00000000]
                  000a0580    0000002c                : drv_Csm_Mcu_Boot.obj (.CSM_CODE:Csm_Mcu_SystemInitFinalStep)
                  000a05ac    00000004     --HOLE-- [fill = 00000000]
                  000a05b0    0000001c                : drv_Csm_Mcu_Boot.obj (.CSM_CODE:Csm_Mcu_SystemInitFinalStep2)
                  000a05cc    00000058                : drv_asm_Csm_Mcu_Core.obj (.CSM_CODE:Csm_Mcu_SystemInit)
                  000a0624    0000026c                : drv_asm_Csm_Mcu_Core.obj (.CSM_CODE:Csm_Mcu_PBIST_Asm)
                  000a0890    0000002c                : drv_asm_Csm_Mcu_Core.obj (.CSM_CODE:Csm_Mcu_TestPBIST_Asm)
                  000a08bc    00000004     --HOLE-- [fill = 00000000]
                  000a08c0    00000008                : drv_Csm_Mcu_Boot.obj (.CSM_CODE:Csm_Mcu_TestRamSection_Boot)
                  000a08c8    00000024                : drv_asm_Csm_Mcu_Core.obj (.CSM_CODE:Csm_Mcu_InitSharedMemorySize)
                  000a08ec    00000024                : drv_asm_Csm_Mcu_Core.obj (.CSM_CODE:Csm_Mcu_CopyMemory)
                  000a0910    000000b0                : drv_asm_Csm_Mcu_Core.obj (.CSM_CODE:Csm_Mcu_TestRam_TwoSteps)
                  000a09c0    00000014                : drv_asm_Csm_Mcu_Core.obj (.CSM_CODE:Csm_Mcu_EnableEccRam)
                  000a09d4    00000014                : drv_asm_Csm_Mcu_Core.obj (.CSM_CODE:Csm_Mcu_DisableEccRam)
                  000a09e8    00000014                : drv_asm_Csm_Mcu_Core.obj (.CSM_CODE:Csm_Mcu_Errata_CORTEXR4_66)
                  000a09fc    00000058                : drv_asm_Csm_Mcu_Core.obj (.CSM_CODE:Csm_Mcu_InitRamSectionSW_Asm)
                  000a0a54    0000008c                : drv_asm_Csm_Mcu_Core.obj (.CSM_CODE:Csm_Mcu_InitRamSaveSharedMemory)
                  000a0ae0    00000080                : drv_asm_Csm_Mcu_Core.obj (.CSM_CODE:Csm_Mcu_InitRamSection_Asm)
                  000a0b60    00000044                : drv_Csm_Mcu_Boot.obj (.CSM_CODE:Csm_Mcu_EnableIOMMerrorSignaling)
                  000a0ba4    0000000c     --HOLE-- [fill = 00000000]
                  000a0bb0    0000007c                : drv_Csm_Mcu_Boot.obj (.CSM_CODE:Csm_Mcu_WriteIOMultiplexerConfig)
                  000a0c2c    00000004     --HOLE-- [fill = 00000000]
                  000a0c30    00000034                : drv_Csm_Mcu_Boot.obj (.CSM_CODE:Csm_Mcu_ReadResetReason)
                  000a0c64    0000000c     --HOLE-- [fill = 00000000]
                  000a0c70    00000014                : drv_Csm_Mcu_Boot.obj (.CSM_CODE:Csm_Mcu_StartCosmoSharedMemory)
                  000a0c84    0000000c     --HOLE-- [fill = 00000000]
                  000a0c90    00000160                : drv_Csm_Mcu_Boot.obj (.CSM_CODE:Csm_Mcu_Init)
                  000a0df0    000003cc                : drv_asm_Csm_Mcu_Core.obj (.CSM_CODE:Csm_Mcu_InitCore)
                  000a11bc    00000004     --HOLE-- [fill = 00000000]
                  000a11c0    0000006c                : drv_Csm_Dio.obj (.CSM_CODE:Csm_Dio_WriteChannel)
                  000a122c    00000004     --HOLE-- [fill = 00000000]
                  000a1230    0000013c                : drv_Csm_Nhet.obj (.CSM_CODE:Csm_Access_NHETram)
                  000a136c    00000004     --HOLE-- [fill = 00000000]
                  000a1370    00000064                : drv_Csm_Spi.obj (.CSM_CODE:.CSM_CODE_TRIGGERWATCHDOG:Csm_Spi_GroupTransferIsComplete)
                  000a13d4    0000000c     --HOLE-- [fill = 00000000]
                  000a13e0    00000078                : drv_Csm_Spi.obj (.CSM_CODE:Csm_Spi_CommonParameterCheck)
                  000a1458    00000008     --HOLE-- [fill = 00000000]
                  000a1460    000001a4                : drv_Csm_Spi.obj (.CSM_CODE:Csm_Spi_SetTxRamEx_u8)
                  000a1604    0000000c     --HOLE-- [fill = 00000000]
                  000a1610    000001a4                : drv_Csm_Spi.obj (.CSM_CODE:Csm_Spi_SetTxRamEx_u16)
                  000a17b4    0000000c     --HOLE-- [fill = 00000000]
                  000a17c0    00000024                : drv_Csm_Spi.obj (.CSM_CODE:Csm_Spi_SelectUnit)
                  000a17e4    0000000c     --HOLE-- [fill = 00000000]
                  000a17f0    0000006c                : drv_Csm_Spi.obj (.CSM_CODE:.CSM_CODE_TRIGGERWATCHDOG:Csm_Spi_StartGroupTransfer)
                  000a185c    00000010                : drv_asm_Csm_Mcu_Core.obj (.CSM_CODE:Csm_Mcu_Vim_Enable_HW_Vec_Mode_Asm)
                  000a186c    00000004     --HOLE-- [fill = 00000000]
                  000a1870    00000004                : drv_Csm_Vim.obj (.CSM_CODE:Csm_Mcu_Vim_Enable_HW_Vec_Mode)
                  000a1874    00000010                : drv_asm_Csm_Mcu_Core.obj (.CSM_CODE:Csm_Mcu_Vim_Disable_HW_Vec_Mode_Asm)
                  000a1884    0000000c     --HOLE-- [fill = 00000000]
                  000a1890    00000004                : drv_Csm_Vim.obj (.CSM_CODE:Csm_Mcu_Vim_Disable_HW_Vec_Mode)
                  000a1894    0000000c     --HOLE-- [fill = 00000000]
                  000a18a0    000001b0                : drv_Csm_Vim.obj (.CSM_CODE:Csm_Vim_Init)
                  000a1a50    000000b8                : drv_Csm_Esm.obj (.CSM_CODE:Csm_Esm_ErrorFlags)
                  000a1b08    00000008     --HOLE-- [fill = 00000000]
                  000a1b10    00000014                : drv_Csm_Mcu.obj (.CSM_CODE:Csm_Mcu_ClearFlashErrorCount)
                  000a1b24    0000000c     --HOLE-- [fill = 00000000]
                  000a1b30    0000003c                : drv_Csm_Mcu.obj (.CSM_CODE:Csm_Mcu_GetFlashErrorAddress)
                  000a1b6c    00000004     --HOLE-- [fill = 00000000]
                  000a1b70    00000034                : drv_Csm_Mcu.obj (.CSM_CODE:Csm_Mcu_ClearRamErrorCount)
                  000a1ba4    0000000c     --HOLE-- [fill = 00000000]
                  000a1bb0    0000005c                : drv_Csm_Mcu.obj (.CSM_CODE:Csm_Mcu_GetRamErrorAddress)
                  000a1c0c    00000004     --HOLE-- [fill = 00000000]
                  000a1c10    00000014                : drv_Csm_Mcu.obj (.CSM_CODE:Csm_Mcu_ClearEepromErrorCount)
                  000a1c24    0000000c     --HOLE-- [fill = 00000000]
                  000a1c30    0000003c                : drv_Csm_Mcu.obj (.CSM_CODE:Csm_Mcu_GetEepromErrorAddress)
                  000a1c6c    00000004     --HOLE-- [fill = 00000000]
                  000a1c70    00000014                : drv_Csm_Esm.obj (.CSM_CODE:Csm_Esm_GetErrorPin)
                  000a1c84    0000000c     --HOLE-- [fill = 00000000]
                  000a1c90    00000014                : drv_Csm_Esm.obj (.CSM_CODE:Csm_Esm_GetErrorKey)
                  000a1ca4    0000000c     --HOLE-- [fill = 00000000]
                  000a1cb0    00000048                : drv_Csm_Esm.obj (.CSM_CODE:Csm_Esm_TestParamToDefault)
                  000a1cf8    00000008     --HOLE-- [fill = 00000000]
                  000a1d00    00000038                : drv_Csm_Esm.obj (.CSM_CODE:Csm_Esm_RequestClearErrorPin)
                  000a1d38    00000008     --HOLE-- [fill = 00000000]
                  000a1d40    00000100                : drv_Csm_Esm.obj (.CSM_CODE:Csm_Esm_Init)
                  000a1e40    00000034                : drv_Csm_Vim.obj (.CSM_CODE:Csm_Vim_EnableInterrupt)
                  000a1e74    0000000c     --HOLE-- [fill = 00000000]
                  000a1e80    00000014                : drv_Csm_Mcu.obj (.CSM_CODE:Csm_Mcu_EnterCriticalSection)
                  000a1e94    0000000c     --HOLE-- [fill = 00000000]
                  000a1ea0    00000094                : drv_Csm_Esm.obj (.CSM_CODE:Csm_Esm_IntEnable)
                  000a1f34    0000000c     --HOLE-- [fill = 00000000]
                  000a1f40    00000094                : drv_Csm_Esm.obj (.CSM_CODE:Csm_Esm_IntPriority)
                  000a1fd4    0000000c     --HOLE-- [fill = 00000000]
                  000a1fe0    00000160                : drv_Csm_Esm.obj (.CSM_CODE:Csm_Esm_CheckStartParameters)
                  000a2140    00000014                : drv_Csm_Mcu.obj (.CSM_CODE:Csm_Mcu_LeaveCriticalSection)
                  000a2154    0000000c     --HOLE-- [fill = 00000000]
                  000a2160    000000c0                : drv_Csm_Esm.obj (.CSM_CODE:Csm_Esm_StartTest)
                  000a2220    00000084                : drv_Csm_Esm.obj (.CSM_CODE:Csm_Esm_ClearErrorFlags)
                  000a22a4    0000000c     --HOLE-- [fill = 00000000]
                  000a22b0    000000cc                : drv_Csm_Esm.obj (.CSM_CODE:Csm_Esm_GetTestResultsSupport)
                  000a237c    00000004     --HOLE-- [fill = 00000000]
                  000a2380    00000080                : drv_Csm_Esm.obj (.CSM_CODE:Csm_Esm_GetTestResults)
                  000a2400    00000050                : drv_Csm_Esm.obj (.CSM_CODE:Csm_Esm_StopTest)
                  000a2450    000000e0                : drv_Csm_Vim.obj (.CSM_CODE:Csm_Vim_TestRamParity)
                  000a2530    00000004                : drv_Csm_Mcu.obj (.CSM_CODE:Csm_Mcu_GetCosmoSharedMemory)
                  000a2534    0000000c     --HOLE-- [fill = 00000000]
                  000a2540    00000144                : drv_Csm_Mcu.obj (.CSM_CODE:Csm_Mcu_TestL2L3interconnect)
                  000a2684    0000000c     --HOLE-- [fill = 00000000]
                  000a2690    00000120                : drv_Csm_Mcu.obj (.CSM_CODE:Csm_Mcu_GetResetReason)
                  000a27b0    000000ac                : drv_Csm_Mcu.obj (.CSM_CODE:Csm_Mcu_TesteFuseStuckZero)
                  000a285c    00000004     --HOLE-- [fill = 00000000]
                  000a2860    000000d0                : drv_Csm_Mcu.obj (.CSM_CODE:Csm_Mcu_eFuseSelfTest)
                  000a2930    00000088                : drv_Csm_Mcu.obj (.CSM_CODE:Csm_Mcu_TesteFuseECC)
                  000a29b8    00000008     --HOLE-- [fill = 00000000]
                  000a29c0    00000120                : drv_Csm_Mcu.obj (.CSM_CODE:Csm_Mcu_TestFlashWrapperAddressECC)
                  000a2ae0    00000020                : drv_asm_Csm_Mcu_Core.obj (.CSM_CODE:Csm_Mcu_CheckStackPointerSave)
                  000a2b00    00001134                : drv_asm_Csm_Mcu_Core.obj (.CSM_CODE:Csm_Mcu_StackPointerSave)
                  000a3c34    0000000c     --HOLE-- [fill = 00000000]
                  000a3c40    00000128                : drv_Csm_Mcu_Selftest.obj (.CSM_CODE:Csm_Mcu_TestSTC)
                  000a3d68    00000008     --HOLE-- [fill = 00000000]
                  000a3d70    00000130                : drv_Csm_Mcu_Selftest.obj (.CSM_CODE:Csm_Mcu_CpuSelfTest)
                  000a3ea0    00000078                : drv_Csm_Mcu.obj (.CSM_CODE:Csm_Mcu_PSCONSelfTestDo)
                  000a3f18    00000008     --HOLE-- [fill = 00000000]
                  000a3f20    00000130                : drv_Csm_Mcu.obj (.CSM_CODE:Csm_Mcu_PSCONSelfTest)
                  000a4050    00000008                : drv_Csm_Mcu.obj (.CSM_CODE:Csm_Mcu_Get_CPSR)
                  000a4058    00000008     --HOLE-- [fill = 00000000]
                  000a4060    0000001c                : drv_Csm_Mcu.obj (.CSM_CODE:Csm_Mcu_GlobalInterruptEnable)
                  000a407c    00000004     --HOLE-- [fill = 00000000]
                  000a4080    00000090                : drv_Csm_Mcu.obj (.CSM_CODE:Csm_Mcu_CCMSelfTestDo)
                  000a4110    000000ec                : drv_Csm_Mcu.obj (.CSM_CODE:Csm_Mcu_CCMSelfTest)
                  000a41fc    00000004     --HOLE-- [fill = 00000000]
                  000a4200    00000088                : drv_Csm_Mcu.obj (.CSM_CODE:Csm_Mcu_ConditionalWait)
                  000a4288    00000008     --HOLE-- [fill = 00000000]
                  000a4290    00000110                : drv_Csm_Mcu.obj (.CSM_CODE:Csm_Mcu_TestClockMonitor)
                  000a43a0    00000088                : drv_Csm2_Mcu.obj (.CSM_CODE:Csm2_Mcu_ConditionalWait)
                  000a4428    00000008     --HOLE-- [fill = 00000000]
                  000a4430    00000170                : drv_Csm2_Mcu.obj (.CSM_CODE:Csm2_Mcu_TestPll1Slip)
                  000a45a0    00000148                : drv_Csm2_Mcu.obj (.CSM_CODE:Csm2_Mcu_TestPll2Slip)
                  000a46e8    00000008     --HOLE-- [fill = 00000000]
                  000a46f0    000000ec                : drv_Csm_Mcu.obj (.CSM_CODE:Csm_Mcu_TestRamECCDo)
                  000a47dc    00000004     --HOLE-- [fill = 00000000]
                  000a47e0    000001a0                : drv_Csm_Mcu.obj (.CSM_CODE:Csm_Mcu_TestRamECC)
                  000a4980    00000114                : drv_Csm_Mcu.obj (.CSM_CODE:Csm_Mcu_TestRamAddressBusParity)
                  000a4a94    0000000c     --HOLE-- [fill = 00000000]
                  000a4aa0    00000124                : drv_Csm_Mcu.obj (.CSM_CODE:Csm_Mcu_InequalityTest)
                  000a4bc4    0000000c     --HOLE-- [fill = 00000000]
                  000a4bd0    00000098                : drv_Csm_Mcu.obj (.CSM_CODE:Csm_Mcu_EqualityTest)
                  000a4c68    00000008     --HOLE-- [fill = 00000000]
                  000a4c70    00000050                : drv_Csm_Mcu.obj (.CSM_CODE:Csm_Mcu_TestRamAddressDecode)
                  000a4cc0    000001c8                : drv_Csm_Mcu.obj (.CSM_CODE:Csm_Mcu_TestFlashDataECC)
                  000a4e88    00000008     --HOLE-- [fill = 00000000]
                  000a4e90    0000011c                : drv_Csm_Mcu.obj (.CSM_CODE:Csm_Mcu_TestFlashAddressBus1Parity)
                  000a4fac    00000004     --HOLE-- [fill = 00000000]
                  000a4fb0    000000c8                : drv_Csm_Mcu.obj (.CSM_CODE:Csm_Mcu_TestEepromECC)
                  000a5078    00000008     --HOLE-- [fill = 00000000]
                  000a5080    00000154                : drv_Csm_Dcc.obj (.CSM_CODE:Csm_Dcc_SelfTest)
                  000a51d4    0000000c     --HOLE-- [fill = 00000000]
                  000a51e0    0000002c                : drv_Csm_Mcu.obj (.CSM_CODE:Csm_Mcu_TestIommLock)
                  000a520c    00000004     --HOLE-- [fill = 00000000]
                  000a5210    00000040                : drv_Csm_Mcu.obj (.CSM_CODE:Csm_Mcu_IommClearErrorAndFaultStatus)
                  000a5250    000000d4                : drv_Csm_Mcu.obj (.CSM_CODE:Csm_Mcu_TestIommAddrProtError)
                  000a5324    0000000c     --HOLE-- [fill = 00000000]
                  000a5330    00000054                : drv_Csm_Spi.obj (.CSM_CODE:Csm_Spi_CalculateFun)
                  000a5384    0000000c     --HOLE-- [fill = 00000000]
                  000a5390    00000054                : drv_Csm_Spi.obj (.CSM_CODE:Csm_Spi_Update_Format)
                  000a53e4    0000000c     --HOLE-- [fill = 00000000]
                  000a53f0    00000218                : drv_Csm_Spi.obj (.CSM_CODE:Csm_Spi_Init)
                  000a5608    00000008     --HOLE-- [fill = 00000000]
                  000a5610    00000124                : drv_Csm_Spi.obj (.CSM_CODE:Csm_Spi_TestMibSpiRamParityDo)
                  000a5734    0000000c     --HOLE-- [fill = 00000000]
                  000a5740    00000028                : drv_Csm_Spi.obj (.CSM_CODE:Csm_Spi_TestMibSpiRamParity)
                  000a5768    00000008     --HOLE-- [fill = 00000000]
                  000a5770    00000060                : drv_Csm_Dio.obj (.CSM_CODE:Csm_Dio_CheckGroupsCfg)
                  000a57d0    00000060                : drv_Csm_Dio.obj (.CSM_CODE:Csm_Dio_CheckChannelsCfg)
                  000a5830    0000002c                : drv_Csm_Dio.obj (.CSM_CODE:Csm_Dio_CheckCfgParameters)
                  000a585c    00000004     --HOLE-- [fill = 00000000]
                  000a5860    0000005c                : drv_Csm_Dio.obj (.CSM_CODE:Csm_Dio_InitChannelSuppA)
                  000a58bc    00000004     --HOLE-- [fill = 00000000]
                  000a58c0    00000160                : drv_Csm_Dio.obj (.CSM_CODE:Csm_Dio_InitChannelSuppB)
                  000a5a20    00000064                : drv_Csm_Dio.obj (.CSM_CODE:Csm_Dio_InitChannel)
                  000a5a84    0000000c     --HOLE-- [fill = 00000000]
                  000a5a90    000001d0                : drv_Csm_Dio.obj (.CSM_CODE:Csm_Dio_Init)
                  000a5c60    0000009c                : drv_Csm_Dma.obj (.CSM_CODE:Csm_Dma_ConfigInterrupts)
                  000a5cfc    00000004     --HOLE-- [fill = 00000000]
                  000a5d00    00000138                : drv_Csm_Dma.obj (.CSM_CODE:Csm_Dma_configControlPacket)
                  000a5e38    00000008     --HOLE-- [fill = 00000000]
                  000a5e40    000000f8                : drv_Csm_Dma.obj (.CSM_CODE:Csm_Dma_configMPU)
                  000a5f38    00000008     --HOLE-- [fill = 00000000]
                  000a5f40    0000008c                : drv_Csm_Dma.obj (.CSM_CODE:Csm_Dma_Configure)
                  000a5fcc    00000004     --HOLE-- [fill = 00000000]
                  000a5fd0    0000008c                : drv_Csm_Dma.obj (.CSM_CODE:Csm_Dma_Init)
                  000a605c    00000004     --HOLE-- [fill = 00000000]
                  000a6060    00000060                : drv_Csm_Dma.obj (.CSM_CODE:Csm_Dma_TestMPU_initControlPacket0)
                  000a60c0    00000078                : drv_Csm_Dma.obj (.CSM_CODE:Csm_Dma_TestMPU_initMPconfig)
                  000a6138    00000008     --HOLE-- [fill = 00000000]
                  000a6140    00000064                : drv_Csm_Dma.obj (.CSM_CODE:Csm_Dma_changeConfigControlPacketMPU)
                  000a61a4    0000000c     --HOLE-- [fill = 00000000]
                  000a61b0    00000110                : drv_Csm_Dma.obj (.CSM_CODE:Csm_Dma_ClearIrqFlag)
                  000a62c0    00000078                : drv_Csm_Dma.obj (.CSM_CODE:Csm_Dma_ClearMpcFaultBit)
                  000a6338    00000008     --HOLE-- [fill = 00000000]
                  000a6340    00000034                : drv_Csm_Dma.obj (.CSM_CODE:Csm_Dma_clearAllMpcFaultBits)
                  000a6374    0000000c     --HOLE-- [fill = 00000000]
                  000a6380    00000028                : drv_Csm_Dma.obj (.CSM_CODE:Csm_Dma_TriggerDMA)
                  000a63a8    00000008     --HOLE-- [fill = 00000000]
                  000a63b0    00000114                : drv_Csm_Dma.obj (.CSM_CODE:Csm_Dma_GetIrqFlag)
                  000a64c4    0000000c     --HOLE-- [fill = 00000000]
                  000a64d0    00000010                : drv_Csm_Dma.obj (.CSM_CODE:Csm_Dma_GetMpcFaultBits)
                  000a64e0    0000003c                : drv_Csm_Dma.obj (.CSM_CODE:Csm_Dma_GoodMpuTest_CheckResults)
                  000a651c    00000004     --HOLE-- [fill = 00000000]
                  000a6520    0000009c                : drv_Csm_Dma.obj (.CSM_CODE:Csm_Dma_GoodMpuTest_TestRoutine)
                  000a65bc    00000004     --HOLE-- [fill = 00000000]
                  000a65c0    00000024                : drv_Csm_Dma.obj (.CSM_CODE:Csm_Dma_goodMpuTest)
                  000a65e4    0000000c     --HOLE-- [fill = 00000000]
                  000a65f0    00000088                : drv_Csm_Dma.obj (.CSM_CODE:Csm_Dma_CheckForAccessViolation)
                  000a6678    00000008     --HOLE-- [fill = 00000000]
                  000a6680    00000034                : drv_Csm_Dma.obj (.CSM_CODE:Csm_Dma_BadMpuTest_CheckResults)
                  000a66b4    0000000c     --HOLE-- [fill = 00000000]
                  000a66c0    000000d0                : drv_Csm_Dma.obj (.CSM_CODE:Csm_Dma_BadMpuTest_TestRoutine)
                  000a6790    00000028                : drv_Csm_Dma.obj (.CSM_CODE:Csm_Dma_badMpuTest)
                  000a67b8    00000008     --HOLE-- [fill = 00000000]
                  000a67c0    00000034                : drv_Csm_Dma.obj (.CSM_CODE:Csm_Dma_MPUtest6)
                  000a67f4    0000000c     --HOLE-- [fill = 00000000]
                  000a6800    00000048                : drv_Csm_Dma.obj (.CSM_CODE:Csm_Dma_MPUtest5)
                  000a6848    00000008     --HOLE-- [fill = 00000000]
                  000a6850    00000050                : drv_Csm_Dma.obj (.CSM_CODE:Csm_Dma_MPUtest4)
                  000a68a0    0000004c                : drv_Csm_Dma.obj (.CSM_CODE:Csm_Dma_MPUtest3)
                  000a68ec    00000004     --HOLE-- [fill = 00000000]
                  000a68f0    00000048                : drv_Csm_Dma.obj (.CSM_CODE:Csm_Dma_MPUtest2)
                  000a6938    00000008     --HOLE-- [fill = 00000000]
                  000a6940    00000028                : drv_Csm_Dma.obj (.CSM_CODE:Csm_Dma_MPUtest1)
                  000a6968    00000008     --HOLE-- [fill = 00000000]
                  000a6970    00000048                : drv_Csm_Dma.obj (.CSM_CODE:Csm_Dma_MPUstartTestChain)
                  000a69b8    00000008     --HOLE-- [fill = 00000000]
                  000a69c0    000000ac                : drv_Csm_Dma.obj (.CSM_CODE:Csm_Dma_ClearAllInterrupts)
                  000a6a6c    00000004     --HOLE-- [fill = 00000000]
                  000a6a70    0000003c                : drv_Csm_Dma.obj (.CSM_CODE:Csm_Dma_restoreBeforeTestMPU)
                  000a6aac    00000004     --HOLE-- [fill = 00000000]
                  000a6ab0    0000007c                : drv_Csm_Dma.obj (.CSM_CODE:Csm_Dma_TestMPU)
                  000a6b2c    00000004     --HOLE-- [fill = 00000000]
                  000a6b30    000000c4                : drv_Csm_Dma.obj (.CSM_CODE:Csm_Dma_TestRamParity)
                  000a6bf4    0000000c     --HOLE-- [fill = 00000000]
                  000a6c00    00000030                : drv_Csm_Dma.obj (.CSM_CODE:Csm_Dma_SetupTransfer)
                  000a6c30    00000174                : drv_Csm_Dma.obj (.CSM_CODE:Csm_Dma_BasicFuncTest_Intern)
                  000a6da4    0000000c     --HOLE-- [fill = 00000000]
                  000a6db0    00000110                : drv_Csm_Dma.obj (.CSM_CODE:Csm_Dma_BasicFunctionalityTest)
                  000a6ec0    000000f8                : drv_Csm_Dma.obj (.CSM_CODE:Csm_Dma_TestImpreciseRead)
                  000a6fb8    00000008     --HOLE-- [fill = 00000000]
                  000a6fc0    00000040                : drv_Csm_Can.obj (.CSM_CODE:selectChannel)
                  000a7000    0000006c                : drv_Csm_Can.obj (.CSM_CODE:Csm_Can_EnterInitMode)
                  000a706c    00000004     --HOLE-- [fill = 00000000]
                  000a7070    0000008c                : drv_Csm_Dcc.obj (.CSM_CODE:Csm_Dcc_CheckClockSource)
                  000a70fc    00000004     --HOLE-- [fill = 00000000]
                  000a7100    0000011c                : drv_Csm_Dcc.obj (.CSM_CODE:Csm_Dcc_Init)
                  000a721c    00000004     --HOLE-- [fill = 00000000]
                  000a7220    00000078                : drv_Csm_Dio.obj (.CSM_CODE:Csm_Dio_ReadChannel)
                  000a7298    00000008     --HOLE-- [fill = 00000000]
                  000a72a0    00000028                : drv_Csm_Dma.obj (.CSM_CODE:Csm_Dma_EnableHardwareTrigger)
                  000a72c8    00000008     --HOLE-- [fill = 00000000]
                  000a72d0    00000054                : drv_Csm_Nhet.obj (.CSM_CODE:Csm_Nhet_Init_TestRam)
                  000a7324    0000000c     --HOLE-- [fill = 00000000]
                  000a7330    00000018                : drv_Csm_Nhet.obj (.CSM_CODE:Csm_Nhet_GetConfigVal_regPFR)
                  000a7348    00000008     --HOLE-- [fill = 00000000]
                  000a7350    00000014                : drv_Csm_Nhet.obj (.CSM_CODE:Csm_Nhet_GetConfigVal_regHETSFPRLD)
                  000a7364    0000000c     --HOLE-- [fill = 00000000]
                  000a7370    000001f0                : drv_Csm_Nhet.obj (.CSM_CODE:Csm_Nhet_Init)
                  000a7560    00000134                : drv_Csm_Nhet.obj (.CSM_CODE:Csm_Nhet_TestRamParityNHET)
                  000a7694    0000000c     --HOLE-- [fill = 00000000]
                  000a76a0    00000108                : drv_Csm_Nhet.obj (.CSM_CODE:Csm_Nhet_TestRamParityHTU)
                  000a77a8    00000008     --HOLE-- [fill = 00000000]
                  000a77b0    00000034                : drv_Csm_Adc.obj (.CSM_CODE:Csm_Adc_GetConfigVal_regBNDCR)
                  000a77e4    0000000c     --HOLE-- [fill = 00000000]
                  000a77f0    00000128                : drv_Csm_Adc.obj (.CSM_CODE:Init_Unit)
                  000a7918    00000008     --HOLE-- [fill = 00000000]
                  000a7920    00000080                : drv_Csm_Adc.obj (.CSM_CODE:Csm_Adc_Init)
                  000a79a0    00000048                : drv_Csm_Adc.obj (.CSM_CODE:Csm_Adc_TestRamParitySup)
                  000a79e8    00000008     --HOLE-- [fill = 00000000]
                  000a79f0    000000e4                : drv_Csm_Adc.obj (.CSM_CODE:Csm_Adc_TestRamParity)
                  000a7ad4    0000000c     --HOLE-- [fill = 00000000]
                  000a7ae0    000000a4                : drv_Csm_Nhet.obj (.CSM_CODE:Csm_Nhet_SetPinDirection)
                  000a7b84    0000000c     --HOLE-- [fill = 00000000]
                  000a7b90    00000014                : drv_Csm_Nhet.obj (.CSM_CODE:Csm_Nhet_GetInstrPos)
                  000a7ba4    0000000c     --HOLE-- [fill = 00000000]
                  000a7bb0    0000012c                : drv_Csm_Nhet.obj (.CSM_CODE:Csm_Nhet_HTUSetup)
                  000a7cdc    00000004     --HOLE-- [fill = 00000000]
                  000a7ce0    00000194                : drv_Csm_Nhet.obj (.CSM_CODE:Csm_Nhet_AppendPrg)
                  000a7e74    0000000c     --HOLE-- [fill = 00000000]
                  000a7e80    0000002c                : drv_Csm_Mcu.obj (.CSM_CODE:Csm_Mcu_I_Bit_Count)
                  000a7eac    00000004     --HOLE-- [fill = 00000000]
                  000a7eb0    000000a8                : drv_Csm_Adc.obj (.CSM_CODE:Csm_Adc_ConfigureGroupSup)
                  000a7f58    00000008     --HOLE-- [fill = 00000000]
                  000a7f60    00000014                : drv_Csm_Adc.obj (.CSM_CODE:Csm_Adc_GetConfigVal_regSAMPDISC)
                  000a7f74    0000000c     --HOLE-- [fill = 00000000]
                  000a7f80    000000ac                : drv_Csm_Adc.obj (.CSM_CODE:Csm_Adc_GetConfigVal_regMODECR)
                  000a802c    00000004     --HOLE-- [fill = 00000000]
                  000a8030    00000028                : drv_Csm_Adc.obj (.CSM_CODE:Csm_Adc_GetConfigVal_regSRC)
                  000a8058    00000008     --HOLE-- [fill = 00000000]
                  000a8060    000000d8                : drv_Csm_Adc.obj (.CSM_CODE:Csm_Adc_ConfigureGroup)
                  000a8138    00000008     --HOLE-- [fill = 00000000]
                  000a8140    00000090                : drv_Csm_Adc.obj (.CSM_CODE:manipulate_group)
                  000a81d0    00000064                : drv_Csm_Adc.obj (.CSM_CODE:Csm_Adc_EnableHardwareTrigger)
                  000a8234    0000000c     --HOLE-- [fill = 00000000]
                  000a8240    00000364                : drv_Csm_Pwm.obj (.CSM_CODE:Csm_Pwm_Init_PWM)
                  000a85a4    0000000c     --HOLE-- [fill = 00000000]
                  000a85b0    0000007c                : drv_Csm_Pwm.obj (.CSM_CODE:Csm_Pwm_Init)
                  000a862c    00000004     --HOLE-- [fill = 00000000]
                  000a8630    0000002c                : drv_Csm_Pwm.obj (.CSM_CODE:Csm_Pwm_CheckInitAndChannel)
                  000a865c    00000004     --HOLE-- [fill = 00000000]
                  000a8660    0000002c                : drv_Csm_Nhet.obj (.CSM_CODE:Csm_Nhet_SetPinLevel)
                  000a868c    00000004     --HOLE-- [fill = 00000000]
                  000a8690    000000f0                : drv_Csm_Pwm.obj (.CSM_CODE:Csm_Pwm_DisableChannel)
                  000a8780    000001cc                : drv_Csm_Icu.obj (.CSM_CODE:Csm_Icu_InitDutyCycle_int)
                  000a894c    00000004     --HOLE-- [fill = 00000000]
                  000a8950    00000178                : drv_Csm_Icu.obj (.CSM_CODE:Csm_Icu_Init_DutyCycle)
                  000a8ac8    00000008     --HOLE-- [fill = 00000000]
                  000a8ad0    00000228                : drv_Csm_Icu.obj (.CSM_CODE:Csm_Icu_InitTimeStamp_int)
                  000a8cf8    00000008     --HOLE-- [fill = 00000000]
                  000a8d00    00000174                : drv_Csm_Icu.obj (.CSM_CODE:Csm_Icu_Init_EdgeCountTimestamp)
                  000a8e74    0000000c     --HOLE-- [fill = 00000000]
                  000a8e80    00000088                : drv_Csm_Icu.obj (.CSM_CODE:Csm_Icu_InitQE_addUpdateCounterInstr)
                  000a8f08    00000008     --HOLE-- [fill = 00000000]
                  000a8f10    000001fc                : drv_Csm_Icu.obj (.CSM_CODE:Csm_Icu_InitQE_3pins_special_addInstrBeforeBranch)
                  000a910c    00000004     --HOLE-- [fill = 00000000]
                  000a9110    0000018c                : drv_Csm_Icu.obj (.CSM_CODE:Csm_Icu_QE_add_branches_int)
                  000a929c    00000004     --HOLE-- [fill = 00000000]
                  000a92a0    000000b0                : drv_Csm_Icu.obj (.CSM_CODE:Csm_Icu_InitQE_add_branches)
                  000a9350    00000440                : drv_Csm_Icu.obj (.CSM_CODE:Csm_Icu_InitQE_3pins_special_int)
                  000a9790    00000298                : drv_Csm_Icu.obj (.CSM_CODE:Csm_Icu_InitQE_3pins_int)
                  000a9a28    00000008     --HOLE-- [fill = 00000000]
                  000a9a30    00000170                : drv_Csm_Icu.obj (.CSM_CODE:Csm_Icu_InitQE_2pins_int)
                  000a9ba0    000000d8                : drv_Csm_Icu.obj (.CSM_CODE:Csm_Icu_InitSimple_int)
                  000a9c78    00000008     --HOLE-- [fill = 00000000]
                  000a9c80    000001a4                : drv_Csm_Icu.obj (.CSM_CODE:Csm_Icu_Init)
                  000a9e24    0000000c     --HOLE-- [fill = 00000000]
                  000a9e30    00000038                : drv_Csm_Nhet.obj (.CSM_CODE:Csm_Nhet_EnableHTU)
                  000a9e68    00000008     --HOLE-- [fill = 00000000]
                  000a9e70    00000070                : drv_Csm_Nhet.obj (.CSM_CODE:Csm_Nhet_Start)
                  000a9ee0    00000014                : drv_Csm_Spi.obj (.CSM_CODE:Csm_Spi_SetTxRam_u16)
                  000a9ef4    0000000c     --HOLE-- [fill = 00000000]
                  000a9f00    00000084                : drv_Csm_Spi.obj (.CSM_CODE:Csm_Spi_GetBufferAddresses)
                  000a9f84    0000000c     --HOLE-- [fill = 00000000]
                  000a9f90    0000013c                : drv_Csm_Esc.obj (.CSM_CODE:Csm_Esc_setup_transfer_group)
                  000aa0cc    00000004     --HOLE-- [fill = 00000000]
                  000aa0d0    000000bc                : drv_Csm_Esc.obj (.CSM_CODE:.CSM_CODE_TRIGGERWATCHDOG:Csm_Esc_TxSingleCmd_WaitTxComplete)
                  000aa18c    00000004     --HOLE-- [fill = 00000000]
                  000aa190    00000060                : drv_Csm_Esc.obj (.CSM_CODE:.CSM_CODE_TRIGGERWATCHDOG:Csm_Esc_CheckDevStatusFlags)
                  000aa1f0    00000080                : drv_Csm_Esc.obj (.CSM_CODE:.CSM_CODE_TRIGGERWATCHDOG:Csm_Esc_TransmitTgSingleCmd)
                  000aa270    00000120                : drv_Csm_Esc.obj (.CSM_CODE:Csm_Esc_Init)
                  000aa390    00000194                : drv_Csm_Spi.obj (.CSM_CODE:Csm_Spi_GetRxRamEx_u16)
                  000aa524    0000000c     --HOLE-- [fill = 00000000]
                  000aa530    00000024                : drv_Csm_Spi.obj (.CSM_CODE:Csm_Spi_GetRxRam_u16)
                  000aa554    0000000c     --HOLE-- [fill = 00000000]
                  000aa560    0000033c                : drv_Csm_Esc.obj (.CSM_CODE:Csm_Esc_UpdateStatus)
                  000aa89c    00000004     --HOLE-- [fill = 00000000]
                  000aa8a0    0000005c                : drv_Csm_Esc.obj (.CSM_CODE:.CSM_CODE_TRIGGERWATCHDOG:Csm_Esc_direct_wav)
                  000aa8fc    00000004     --HOLE-- [fill = 00000000]
                  000aa900    00000390                : drv_Csm_Esc.obj (.CSM_CODE:Csm_Esc_Configure)
                  000aac90    00000024                : drv_Csm_Esm.obj (.CSM_CODE:Csm_Esm_CalcChecksum)
                  000aacb4    0000000c     --HOLE-- [fill = 00000000]
                  000aacc0    00000088                : drv_Csm_Esm.obj (.CSM_CODE:Csm_Esm_GetResetCause)
                  000aad48    00000008     --HOLE-- [fill = 00000000]
                  000aad50    0000009c                : drv_Csm_Esc.obj (.CSM_CODE:Csm_Esc_ClearErrors)
                  000aadec    00000004     --HOLE-- [fill = 00000000]
                  000aadf0    00000060                : drv_Csm_Esc.obj (.CSM_CODE:Csm_Esc_DisableDiagnosticModeTimeout)
                  000aae50    00000044                : drv_Csm_Esc.obj (.CSM_CODE:Csm_Esc_Set_Reg_Win1_Win2)
                  000aae94    0000000c     --HOLE-- [fill = 00000000]
                  000aaea0    0000008c                : drv_Csm_Esc.obj (.CSM_CODE:.CSM_CODE_TRIGGERWATCHDOG:Csm_Esc_SendWdtTokenResp0to2)
                  000aaf2c    00000004     --HOLE-- [fill = 00000000]
                  000aaf30    00000010                : drv_Csm_Esc.obj (.CSM_CODE:.CSM_CODE_TRIGGERWATCHDOG:Csm_Esc_TrigWdt_CheckForCorrectValue)
                  000aaf40    0000007c                : drv_Csm_Esc.obj (.CSM_CODE:.CSM_CODE_TRIGGERWATCHDOG:Csm_Esc_TrigWdt_StartNewTokenSeqRun)
                  000aafbc    00000004     --HOLE-- [fill = 00000000]
                  000aafc0    00000054                : drv_Csm_Esc.obj (.CSM_CODE:.CSM_CODE_TRIGGERWATCHDOG:Csm_Esc_TrigWdt_To_TooLate)
                  000ab014    0000000c     --HOLE-- [fill = 00000000]
                  000ab020    0000003c                : drv_Csm_Esc.obj (.CSM_CODE:.CSM_CODE_TRIGGERWATCHDOG:Csm_Esc_TrigWdt_To_BorderToOrTooEarly)
                  000ab05c    00000004     --HOLE-- [fill = 00000000]
                  000ab060    00000180                : drv_Csm_Esc.obj (.CSM_CODE:.CSM_CODE_TRIGGERWATCHDOG:Csm_Esc_TriggerWatchdog)
                  000ab1e0    0000012c                : drv_Csm_Esc.obj (.CSM_CODE:Csm_Esc_DecrementWdtFailureCounter)
                  000ab30c    00000004     --HOLE-- [fill = 00000000]
                  000ab310    00000044                : drv_Csm_Esc.obj (.CSM_CODE:Csm_Esc_SetWdtFailureFunc)
                  000ab354    0000000c     --HOLE-- [fill = 00000000]
                  000ab360    00000030                : drv_Csm_Esc.obj (.CSM_CODE:Csm_Esc_GetNext8BitOfDataStream)
                  000ab390    00000154                : drv_Csm_Esc.obj (.CSM_CODE:Csm_Esc_calculateDevCfgCrcChecksum)
                  000ab4e4    0000000c     --HOLE-- [fill = 00000000]
                  000ab4f0    00000050                : drv_Csm_Esc.obj (.CSM_CODE:Csm_Esc_SetBit_SAFETY_CHECK_CTRL__CFG_CRC_EN)
                  000ab540    0000004c                : drv_Csm_Esc.obj (.CSM_CODE:Csm_Esc_CheckDevCfgCrc)
                  000ab58c    00000004     --HOLE-- [fill = 00000000]
                  000ab590    00000050                : drv_Csm_Esc.obj (.CSM_CODE:Csm_Esc_SetBit_SAFETY_BIST_CTRL__EE_CRC_CHK)
                  000ab5e0    00000088                : drv_Csm_Esc.obj (.CSM_CODE:Csm_Esc_CheckEepromCrc)
                  000ab668    00000008     --HOLE-- [fill = 00000000]
                  000ab670    000000cc                : drv_Csm_Esc.obj (.CSM_CODE:Csm_Esc_CalcAndCheckCrc)
                  000ab73c    00000004     --HOLE-- [fill = 00000000]
                  000ab740    00000028                : drv_Csm_Esc.obj (.CSM_CODE:Csm_Esc_ActivateWriteAccessLockProtection)
                  000ab768    00000008     --HOLE-- [fill = 00000000]
                  000ab770    000000f4                : drv_Csm_Esc.obj (.CSM_CODE:Csm_Esc_Activate)
                  000ab864    0000000c     --HOLE-- [fill = 00000000]
                  000ab870    000000b0                : drv_Csm_Esm.obj (.CSM_CODE:Csm_Esm_ForceErrorPinState)
                  000ab920    00000070                : drv_Csm_Esc.obj (.CSM_CODE:Csm_Esc_DriverEnable)
                  000ab990    00000090                : drv_Csm_Can.obj (.CSM_CODE:check_BitTiming_Config)
                  000aba20    00000080                : drv_Csm_Can.obj (.CSM_CODE:check_Can_Config)
                  000abaa0    00000094                : drv_Csm_Can.obj (.CSM_CODE:Csm_Can_EnterPowerDownMode)
                  000abb34    0000000c     --HOLE-- [fill = 00000000]
                  000abb40    00000024                : drv_Csm_Can.obj (.CSM_CODE:Csm_Can_EnterInitializationMode)
                  000abb64    0000000c     --HOLE-- [fill = 00000000]
                  000abb70    0000003c                : drv_Csm_Can.obj (.CSM_CODE:Csm_Can_TestRamSection)
                  000abbac    00000004     --HOLE-- [fill = 00000000]
                  000abbb0    0000003c                : drv_Csm_Can.obj (.CSM_CODE:Csm_Can_InitRamSection)
                  000abbec    00000004     --HOLE-- [fill = 00000000]
                  000abbf0    00000010                : drv_Csm_Can.obj (.CSM_CODE:Csm_Can_GetIF12)
                  000abc00    000000bc                : drv_Csm_Can.obj (.CSM_CODE:Csm_Can_ClearMsgVal)
                  000abcbc    00000004     --HOLE-- [fill = 00000000]
                  000abcc0    00000060                : drv_Csm_Can.obj (.CSM_CODE:Csm_Can_SetupBitTiming)
                  000abd20    000001e4                : drv_Csm_Can.obj (.CSM_CODE:Csm_Can_Init)
                  000abf04    0000000c     --HOLE-- [fill = 00000000]
                  000abf10    00000044                : drv_Csm_Can.obj (.CSM_CODE:check_ArbId_Mask)
                  000abf54    0000000c     --HOLE-- [fill = 00000000]
                  000abf60    0000009c                : drv_Csm_Can.obj (.CSM_CODE:check_Message_Config)
                  000abffc    00000004     --HOLE-- [fill = 00000000]
                  000ac000    00000070                : drv_Csm_Can.obj (.CSM_CODE:Csm_Can_SetFormat)
                  000ac070    0000011c                : drv_Csm_Can.obj (.CSM_CODE:Csm_Can_InitMsg)
                  000ac18c    00000004     --HOLE-- [fill = 00000000]
                  000ac190    00000060                : drv_Csm_Can.obj (.CSM_CODE:Csm_Can_CheckCommon)
                  000ac1f0    0000001c                : drv_Csm_Can.obj (.CSM_CODE:Csm_Can_CheckCommonMsg)
                  000ac20c    00000004     --HOLE-- [fill = 00000000]
                  000ac210    000000c8                : drv_Csm_Can.obj (.CSM_CODE:Csm_Can_MsgStatus)
                  000ac2d8    00000008     --HOLE-- [fill = 00000000]
                  000ac2e0    0000002c                : drv_Csm_Can.obj (.CSM_CODE:Csm_Can_CheckMessageConfigured)
                  000ac30c    00000004     --HOLE-- [fill = 00000000]
                  000ac310    0000001c                : drv_Csm_Can.obj (.CSM_CODE:Csm_Can_CopyRxData)
                  000ac32c    00000004     --HOLE-- [fill = 00000000]
                  000ac330    00000144                : drv_Csm_Can.obj (.CSM_CODE:Csm_Can_ReadMsg)
                  000ac474    0000000c     --HOLE-- [fill = 00000000]
                  000ac480    0000005c                : drv_Csm_Pwm.obj (.CSM_CODE:Csm_Pwm_CheckInitChannelDisableAndDC)
                  000ac4dc    00000004     --HOLE-- [fill = 00000000]
                  000ac4e0    00000028                : drv_Csm_Nhet.obj (.CSM_CODE:Csm_Nhet_ReturnLRP)
                  000ac508    00000008     --HOLE-- [fill = 00000000]
                  000ac510    00000020                : drv_Csm_Pwm.obj (.CSM_CODE:Csm_Pwm_GetDutyCycle_Intern)
                  000ac530    00000014                : drv_Csm_Pwm.obj (.CSM_CODE:Csm_Pwm_GetPeriod_Intern)
                  000ac544    0000000c     --HOLE-- [fill = 00000000]
                  000ac550    000000dc                : drv_Csm_Pwm.obj (.CSM_CODE:Csm_Pwm_GetDutyCycleOrPeriod)
                  000ac62c    00000004     --HOLE-- [fill = 00000000]
                  000ac630    000000ac                : drv_Csm_Pwm.obj (.CSM_CODE:Csm_Pwm_SetPeriodAndDuty_Period)
                  000ac6dc    00000004     --HOLE-- [fill = 00000000]
                  000ac6e0    00000180                : drv_Csm_Pwm.obj (.CSM_CODE:Csm_Pwm_SetPeriodAndDuty_Intern)
                  000ac860    00000028                : drv_Csm_Pwm.obj (.CSM_CODE:Csm_Pwm_SetDutyCycle)
                  000ac888    00000008     --HOLE-- [fill = 00000000]
                  000ac890    000000a0                : drv_Csm_Icu.obj (.CSM_CODE:Csm_Icu_CheckInitChannel)
                  000ac930    000000d0                : drv_Csm_Icu.obj (.CSM_CODE:Csm_Icu_DcSwitchMeasurementType)
                  000aca00    0000000c                : drv_Csm_Icu.obj (.CSM_CODE:Csm_Icu_DcSwitchPeriodMeasurementType)
                  000aca0c    00000004     --HOLE-- [fill = 00000000]
                  000aca10    00000050                : drv_Csm_Pwm.obj (.CSM_CODE:Csm_Pwm_SetPeriodAndDuty)
                  000aca60    00000028                : drv_Csm_Nhet.obj (.CSM_CODE:Csm_Nhet_GetBusyFlags)
                  000aca88    00000008     --HOLE-- [fill = 00000000]
                  000aca90    00000020                : drv_Csm_Nhet.obj (.CSM_CODE:Csm_Nhet_GetRegBFINTFL)
                  000acab0    000001e8                : drv_Csm_Nhet.obj (.CSM_CODE:Csm_Nhet_SwitchBuffer)
                  000acc98    00000008     --HOLE-- [fill = 00000000]
                  000acca0    000000d4                : drv_Csm_Icu.obj (.CSM_CODE:Csm_Icu_GetDutyCycleValues)
                  000acd74    0000000c     --HOLE-- [fill = 00000000]
                  000acd80    000000e0                : drv_Csm_Icu.obj (.CSM_CODE:Csm_Icu_GetDutyCyclePeriodCounters)
                  000ace60    0000002c                : drv_Csm_Nhet.obj (.CSM_CODE:Csm_Nhet_GetPinLevel)
                  000ace8c    00000004     --HOLE-- [fill = 00000000]
                  000ace90    00000058                : drv_Csm_Can.obj (.CSM_CODE:check_Data_Frame)
                  000acee8    00000008     --HOLE-- [fill = 00000000]
                  000acef0    00000134                : drv_Csm_Can.obj (.CSM_CODE:Csm_Can_WriteMsgReadData)
                  000ad024    0000000c     --HOLE-- [fill = 00000000]
                  000ad030    00000080                : drv_Csm_Can.obj (.CSM_CODE:Csm_Can_WriteMsgUpdateHw)
                  000ad0b0    00000094                : drv_Csm_Can.obj (.CSM_CODE:Csm_Can_WriteMsg)
                  000ad144    0000000c     --HOLE-- [fill = 00000000]
                  000ad150    00000070                : drv_Csm_Can.obj (.CSM_CODE:Csm_Can_WriteTransmitMsg)
                  000ad1c0    0000016c                : drv_Csm_Dio.obj (.CSM_CODE:Csm_Dio_CheckChannelDirCfg)
                  000ad32c    00000004     --HOLE-- [fill = 00000000]
                  000ad330    000000a4                : drv_Csm_Dio.obj (.CSM_CODE:Csm_Dio_ReadBackChannelCfg)
                  000ad3d4    0000000c     --HOLE-- [fill = 00000000]
                  000ad3e0    000001d0                : drv_Csm_Dio.obj (.CSM_CODE:Csm_Dio_ReadBackCfg)
                  000ad5b0    00000224                : drv_Csm_Nhet.obj (.CSM_CODE:Csm_Nhet_ReadBackCfgNHET)
                  000ad7d4    0000000c     --HOLE-- [fill = 00000000]
                  000ad7e0    000001a0                : drv_Csm_Nhet.obj (.CSM_CODE:Csm_Nhet_ReadBackCfgHTU)
                  000ad980    000001cc                : drv_Csm_Mcu.obj (.CSM_CODE:Csm_Mcu_ReadBackPllConfig)
                  000adb4c    00000004     --HOLE-- [fill = 00000000]
                  000adb50    00000054                : drv_Csm_Mcu.obj (.CSM_CODE:Csm_Mcu_ReadBackIommCfg)
                  000adba4    0000000c     --HOLE-- [fill = 00000000]
                  000adbb0    000001e4                : drv_Csm_Mcu.obj (.CSM_CODE:Csm_Mcu_ReadBackCfg_Base)
                  000add94    0000000c     --HOLE-- [fill = 00000000]
                  000adda0    00000078                : drv_Csm_Mcu.obj (.CSM_CODE:Csm_Mcu_ReadBackCfg_Flash)
                  000ade18    00000008     --HOLE-- [fill = 00000000]
                  000ade20    00000020                : drv_Csm_Mcu.obj (.CSM_CODE:Csm_Mcu_ReadBackCfg)
                  000ade40    000000cc                : drv_Csm_Esm.obj (.CSM_CODE:Csm_Esm_ReadBackCfg)
                  000adf0c    00000018                : drv_asm_Csm_Mcu_Core.obj (.CSM_CODE:Csm_Mcu_Vim_Read_HW_Vec_Mode_Asm)
                  000adf24    0000000c     --HOLE-- [fill = 00000000]
                  000adf30    00000004                : drv_Csm_Vim.obj (.CSM_CODE:Csm_Mcu_Vim_Read_HW_Vec_Mode)
                  000adf34    0000000c     --HOLE-- [fill = 00000000]
                  000adf40    00000140                : drv_Csm_Vim.obj (.CSM_CODE:Csm_Vim_ReadBackCfg)
                  000ae080    0000018c                : drv_Csm_Dma.obj (.CSM_CODE:Csm_Dma_ReadBackInterruptsCfg)
                  000ae20c    00000004     --HOLE-- [fill = 00000000]
                  000ae210    000001a0                : drv_Csm_Dma.obj (.CSM_CODE:Csm_Dma_ReadBackCtrlPacketCfg)
                  000ae3b0    00000150                : drv_Csm_Dma.obj (.CSM_CODE:Csm_Dma_ReadBackMPUCfg)
                  000ae500    000000c4                : drv_Csm_Dma.obj (.CSM_CODE:Csm_Dma_ReadBackCfg)
                  000ae5c4    0000000c     --HOLE-- [fill = 00000000]
                  000ae5d0    00000028                : drv_Csm_Adc.obj (.CSM_CODE:Csm_Adc_ReadBackCfgSup)
                  000ae5f8    00000008     --HOLE-- [fill = 00000000]
                  000ae600    00000180                : drv_Csm_Adc.obj (.CSM_CODE:Csm_Adc_ReadUnit)
                  000ae780    0000010c                : drv_Csm_Adc.obj (.CSM_CODE:Csm_Adc_ReadHwGroup)
                  000ae88c    00000004     --HOLE-- [fill = 00000000]
                  000ae890    0000008c                : drv_Csm_Adc.obj (.CSM_CODE:Csm_Adc_ReadBackCfg)
                  000ae91c    00000004     --HOLE-- [fill = 00000000]
                  000ae920    00000338                : drv_Csm_Spi.obj (.CSM_CODE:Csm_Spi_ReadBackCfg)
                  000aec58    00000008     --HOLE-- [fill = 00000000]
                  000aec60    00000068                : drv_Csm_Esm.obj (.CSM_CODE:Csm_Esm_StoreResetCause)
                  000aecc8    00000008     --HOLE-- [fill = 00000000]
                  000aecd0    00000028                : drv_Csm_Esm.obj (.CSM_CODE:Csm_Esm_ForceErrorEndlessLoop)
                  000aecf8    00000008     --HOLE-- [fill = 00000000]
                  000aed00    0000002c                : drv_Csm_Vim.obj (.CSM_CODE:Csm_Vim_PhantomInterrupt)
                  000aed2c    00000004     --HOLE-- [fill = 00000000]
                  000aed30    00000038                : drv_Csm_Vim.obj (.CSM_CODE:Csm_Vim_PhantomInterrupt_ISR)
                  000aed68    00000008     --HOLE-- [fill = 00000000]
                  000aed70    000000a4                : drv_Csm_Esm.obj (.CSM_CODE:Csm_Esm_GetCategoryAndMask)
                  000aee14    0000000c     --HOLE-- [fill = 00000000]
                  000aee20    000000c8                : drv_Csm_Esm.obj (.CSM_CODE:Csm_Esm_CheckIntHiCrossover)
                  000aeee8    00000008     --HOLE-- [fill = 00000000]
                  000aeef0    00000068                : drv_Csm_Esm.obj (.CSM_CODE:Csm_Esm_GetErrorPinAction)
                  000aef58    00000008     --HOLE-- [fill = 00000000]
                  000aef60    00000290                : drv_Csm_Esm.obj (.CSM_CODE:Csm_Esm_HighLevel)
                  000af1f0    000000ac                : drv_Csm_Esm.obj (.CSM_CODE:Csm_Esm_CheckIntLoCrossover)
                  000af29c    00000004     --HOLE-- [fill = 00000000]
                  000af2a0    000001f4                : drv_Csm_Esm.obj (.CSM_CODE:Csm_Esm_LowLevel)
                  000af494    0000000c     --HOLE-- [fill = 00000000]
                  000af4a0    00000038                : drv_Csm_Nhet.obj (.CSM_CODE:Csm_Nhet_ReadOffsetIndexLevel1)
                  000af4d8    00000008     --HOLE-- [fill = 00000000]
                  000af4e0    0000000c                : drv_Csm_Pwm.obj (.CSM_CODE:Csm_Pwm_GetDutyCycle)
                  000af4ec    00000004     --HOLE-- [fill = 00000000]
                  000af4f0    00000090                : drv_Csm_Dio.obj (.CSM_CODE:Csm_Dio_ChangeDirection)
                  000af580    00000038                : drv_Csm_Nhet.obj (.CSM_CODE:Csm_Nhet_ReadOffsetIndexLevel2)
                  000af5b8    00000008     --HOLE-- [fill = 00000000]
                  000af5c0    00000028                : drv_Csm_Dma.obj (.CSM_CODE:Csm_Dma_DisableHardwareTrigger)
                  000af5e8    00000008     --HOLE-- [fill = 00000000]
                  000af5f0    00000028                : drv_Csm_Esc.obj (.CSM_CODE:Csm_Esc_PowerDown_ClrCANWUL)
                  000af618    00000008     --HOLE-- [fill = 00000000]
                  000af620    00000068                : drv_Csm_Esc.obj (.CSM_CODE:Csm_Esc_ForceTpsReset)
                  000af688    00000008     --HOLE-- [fill = 00000000]
                  000af690    0000010c                : drv_Csm_Pwm.obj (.CSM_CODE:Csm_Pwm_EnableChannel)
                  000af79c    00000004     --HOLE-- [fill = 00000000]
                  000af7a0    00000034                : drv_Csm_Vim.obj (.CSM_CODE:Csm_Vim_DisableInterrupt)
                  000af7d4    0000000c     --HOLE-- [fill = 00000000]
                  000af7e0    00000194                : drv_Csm_Spi.obj (.CSM_CODE:Csm_Spi_GetRxRamEx_u8)
                  000af974    0000000c     --HOLE-- [fill = 00000000]
                  000af980    00000024                : drv_Csm_Spi.obj (.CSM_CODE:Csm_Spi_GetRxRam_u8)
                  000af9a4    0000000c     --HOLE-- [fill = 00000000]
                  000af9b0    00000030                : drv_Csm_Dma.obj (.CSM_CODE:Csm_Dma_GetDmaStatAndChanPend)
                  000af9e0    00000048                : drv_Csm_Dma.obj (.CSM_CODE:Csm_Dma_PortBActiveChannelInfo)
                  000afa28    00000048                : drv_asm_Csm_Mcu_Core.obj (.CSM_CODE:Csm_Mcu_GetFpuExceptionFlags)
                  000afa70    00000070                : drv_Csm_Vim.obj (.CSM_CODE:Csm_Vim_WriteInterruptVectorTable)
                  000afae0    00000050                : drv_Csm_Vim.obj (.CSM_CODE:Csm_Vim_GetParityError)
                  000afb30    000000e0                : drv_Csm_Vim.obj (.CSM_CODE:Csm_Vim_TestRamParityFallback)
                  000afc10    00000038                : drv_Csm_Vim.obj (.CSM_CODE:Csm_Vim_TestRamParityFb_ISR)
                  000afc48    00000008     --HOLE-- [fill = 00000000]

.csm_const 
*          0    000afc50    00000908     
                  000afc50    000001b0     ttc500.lib : drv_het_ADC_MUX_nhet_prg.obj (.CSM_CONST)
                  000afe00    00000170                : drv_het_ICU_QE_3pins_special_highres_prg.obj (.CSM_CONST)
                  000aff70    00000100                : drv_Csm_Esc.obj (.CSM_CONST)
                  000b0070    000000e0                : drv_het_ICU_QE_3pins_highres_prg.obj (.CSM_CONST)
                  000b0150    000000c0                : drv_het_ICU_QE_2pins_highres_prg.obj (.CSM_CONST)
                  000b0210    000000b0                : drv_het_PWM_GPIO_prg.obj (.CSM_CONST)
                  000b02c0    00000080                : drv_Csm_Esc.obj (.CSM_CONST:.CSM_CONST_TRIGGERWATCHDOG)
                  000b0340    00000078                : drv_Csm_Spi.obj (.CSM_CONST:.CSM_CONST_TRIGGERWATCHDOG)
                  000b03b8    00000050                : drv_het_Interrupt_prg.obj (.CSM_CONST)
                  000b0408    00000050                : drv_het_PWM_output_prg.obj (.CSM_CONST)
                  000b0458    00000040                : drv_Csm_Nhet.obj (.CSM_CONST)
                  000b0498    00000040                : drv_het_ICU_dutycycle_prg.obj (.CSM_CONST)
                  000b04d8    00000030                : drv_het_ICU_timestamp_edgecounter_prg.obj (.CSM_CONST)
                  000b0508    00000020                : drv_Csm_Adc.obj (.CSM_CONST)
                  000b0528    00000020                : drv_het_PWM_SSW_prg.obj (.CSM_CONST)
                  000b0548    00000010                : drv_het_ICU_simple_prg.obj (.CSM_CONST)

.io_driver_code 
*          0    000b0560    0001f550     
                  000b0560    00000004     bsp.lib : bsp_sys_startup.obj (.IO_DRIVER_CODE:RAM_Fail)
                  000b0564    00000020     ttc500.lib : drv_asm_IO_INT_MPU_ASM.obj (.IO_DRIVER_CODE:_mpuDisable_)
                  000b0584    00000018                : drv_asm_IO_INT_MPU_ASM.obj (.IO_DRIVER_CODE:_mpuDisableBackgroundRegion_)
                  000b059c    00000008                : drv_asm_IO_INT_MPU_ASM.obj (.IO_DRIVER_CODE:_mpuSetRegion_)
                  000b05a4    00000008                : drv_asm_IO_INT_MPU_ASM.obj (.IO_DRIVER_CODE:_mpuSetRegionBaseAddress_)
                  000b05ac    00000008                : drv_asm_IO_INT_MPU_ASM.obj (.IO_DRIVER_CODE:_mpuSetRegionTypeAndPermission_)
                  000b05b4    00000008                : drv_asm_IO_INT_MPU_ASM.obj (.IO_DRIVER_CODE:_mpuSetRegionSizeAndEnable_)
                  000b05bc    00000004     --HOLE-- [fill = 00000000]
                  000b05c0    00000064                : drv_IO_INT_MPU.obj (.IO_DRIVER_CODE:IO_INT_MPU_SetupRegion)
                  000b0624    00000018                : drv_asm_IO_INT_MPU_ASM.obj (.IO_DRIVER_CODE:_mpuEnableBackgroundRegion_)
                  000b063c    00000020                : drv_asm_IO_INT_MPU_ASM.obj (.IO_DRIVER_CODE:_mpuEnable_)
                  000b065c    00000004     --HOLE-- [fill = 00000000]
                  000b0660    0000005c                : drv_IO_INT_MPU.obj (.IO_DRIVER_CODE:IO_INT_MPU_Init)
                  000b06bc    00000004     --HOLE-- [fill = 00000000]
                  000b06c0    000001c4                : drv_IO_INT_EMIF.obj (.IO_DRIVER_CODE:IO_INT_EMIF_UpdateTimings)
                  000b0884    00000008                : drv_asm_IO_INT_MPU_ASM.obj (.IO_DRIVER_CODE:_mpuGetRegionSizeAndEnable_)
                  000b088c    00000004     --HOLE-- [fill = 00000000]
                  000b0890    00000138                : drv_IO_INT_EMIF.obj (.IO_DRIVER_CODE:IO_INT_EMIF_Init)
                  000b09c8    00000008     --HOLE-- [fill = 00000000]
                  000b09d0    00000254     bsp.lib : bsp_sys_startup.obj (.IO_DRIVER_CODE:stack_init)
                  000b0c24    0000000c     ttc500.lib : drv_asm_IO_INT_VEC_swi_ASM.obj (.IO_DRIVER_CODE:_io_swi_handler)
                  000b0c30    00000088     bsp.lib : bsp_sys_startup.obj (.IO_DRIVER_CODE:heap_init)
                  000b0cb8    00000008     --HOLE-- [fill = 00000000]
                  000b0cc0    0000000c             : bsp_sys_startup.obj (.IO_DRIVER_CODE:get_shared_memory)
                  000b0ccc    00000004     --HOLE-- [fill = 00000000]
                  000b0cd0    00000140             : bsp_sys_startup.obj (.IO_DRIVER_CODE:mem_init)
                  000b0e10    0000007c     ttc500.lib : drv_IO_Driver.obj (.IO_DRIVER_CODE:IO_Driver_CheckSafetyConf)
                  000b0e8c    00000004     --HOLE-- [fill = 00000000]
                  000b0e90    000000bc                : drv_IO_INT_RTC.obj (.IO_DRIVER_CODE:IO_INT_RTC_SetupFrc)
                  000b0f4c    00000004     --HOLE-- [fill = 00000000]
                  000b0f50    00000040                : drv_IO_INT_RTC.obj (.IO_DRIVER_CODE:IO_INT_RTC_Init)
                  000b0f90    00000098                : drv_IO_Driver.obj (.IO_DRIVER_CODE:IO_Driver_Enter_Critical_All)
                  000b1028    00000008     --HOLE-- [fill = 00000000]
                  000b1030    0000001c                : drv_DIAG_INT_ErrorHandler.obj (.IO_DRIVER_CODE:DIAG_ERR_GetType)
                  000b104c    00000004     --HOLE-- [fill = 00000000]
                  000b1050    00000134                : drv_DIAG_INT_ErrorHandler.obj (.IO_DRIVER_CODE:DIAG_ERR_HandleTempErr)
                  000b1184    0000000c     --HOLE-- [fill = 00000000]
                  000b1190    00000054                : drv_IO_Driver.obj (.IO_DRIVER_CODE:IO_Driver_Enter_Critical_IRQ)
                  000b11e4    0000000c     --HOLE-- [fill = 00000000]
                  000b11f0    00000068                : drv_IO_Driver.obj (.IO_DRIVER_CODE:IO_Driver_Leave_Critical_IRQ)
                  000b1258    00000008     --HOLE-- [fill = 00000000]
                  000b1260    00000054                : drv_IO_INT_WD.obj (.IO_DRIVER_CODE:IO_INT_WD_TPS_GetStatusAsync)
                  000b12b4    0000000c     --HOLE-- [fill = 00000000]
                  000b12c0    000000c4                : drv_IO_INT_WD.obj (.IO_DRIVER_CODE:IO_INT_WD_GetStatus)
                  000b1384    0000000c     --HOLE-- [fill = 00000000]
                  000b1390    00000084                : drv_IO_POWER.obj (.IO_DRIVER_CODE:IO_POWER_DisableSSWOutputs)
                  000b1414    0000000c     --HOLE-- [fill = 00000000]
                  000b1420    000000c8                : drv_IO_Driver.obj (.IO_DRIVER_CODE:IO_Driver_Leave_Critical_All)
                  000b14e8    00000008     --HOLE-- [fill = 00000000]
                  000b14f0    00000040                : drv_IO_INT_SPI.obj (.IO_DRIVER_CODE:IO_INT_SPI_Async_TriggerTransmission)
                  000b1530    000000d8                : drv_IO_INT_SHIFT.obj (.IO_DRIVER_CODE:IO_INT_SHIFT_Write)
                  000b1608    00000008     --HOLE-- [fill = 00000000]
                  000b1610    000001bc                : drv_IO_DIO.obj (.IO_DRIVER_CODE:IO_DO_WriteOutput)
                  000b17cc    00000004     --HOLE-- [fill = 00000000]
                  000b17d0    0000007c                : drv_IO_INT_PWM.obj (.IO_DRIVER_CODE:IO_INT_PWM_SSW_Disable)
                  000b184c    00000004     --HOLE-- [fill = 00000000]
                  000b1850    00000078                : drv_IO_INT_PWM.obj (.IO_DRIVER_CODE:IO_INT_PWM_SSW_Enable)
                  000b18c8    00000008     --HOLE-- [fill = 00000000]
                  000b18d0    000000a0                : drv_IO_POWER.obj (.IO_DRIVER_CODE:IO_POWER_EnableSSWOutputs)
                  000b1970    000003e0                : drv_IO_POWER.obj (.IO_DRIVER_CODE:IO_POWER_WriteMode)
                  000b1d50    000000c0                : drv_DIAG_INT_ErrorHandler.obj (.IO_DRIVER_CODE:DIAG_ERR_DisableSafetySwitch)
                  000b1e10    000000e8                : drv_DIAG_INT_ErrorHandler.obj (.IO_DRIVER_CODE:DIAG_ERR_DisableSafeHS)
                  000b1ef8    00000008     --HOLE-- [fill = 00000000]
                  000b1f00    000000ac                : drv_IO_INT_SPI.obj (.IO_DRIVER_CODE:IO_INT_SPI_GetConfigItems)
                  000b1fac    00000004     --HOLE-- [fill = 00000000]
                  000b1fb0    00000074                : drv_IO_INT_SPI.obj (.IO_DRIVER_CODE:IO_INT_SPI_GetFormat)
                  000b2024    0000000c     --HOLE-- [fill = 00000000]
                  000b2030    000001a0                : drv_IO_INT_SPI.obj (.IO_DRIVER_CODE:IO_INT_SPI_Async_Write)
                  000b21d0    00000058                : drv_IO_INT_SHIFT.obj (.IO_DRIVER_CODE:IO_INT_SHIFT_Sync)
                  000b2228    00000008     --HOLE-- [fill = 00000000]
                  000b2230    00000190                : drv_DIAG_INT_ErrorHandler.obj (.IO_DRIVER_CODE:DIAG_ERR_HandleAppCallback)
                  000b23c0    00000128                : drv_DIAG_INT_States.obj (.IO_DRIVER_CODE:DIAG_CpuSafeState)
                  000b24e8    00000008     --HOLE-- [fill = 00000000]
                  000b24f0    00000014                : drv_DIAG_INT_States.obj (.IO_DRIVER_CODE:DIAG_RequestSafeState)
                  000b2504    0000000c     --HOLE-- [fill = 00000000]
                  000b2510    00000074                : drv_DIAG_INT_ErrorHandler.obj (.IO_DRIVER_CODE:DIAG_ERR_HandleAppNotify)
                  000b2584    0000000c     --HOLE-- [fill = 00000000]
                  000b2590    0000015c                : drv_DIAG_INT_ErrorHandler.obj (.IO_DRIVER_CODE:DIAG_ERR_Notify)
                  000b26ec    00000004     --HOLE-- [fill = 00000000]
                  000b26f0    00000020                : drv_DIAG_INT_SSW_Check.obj (.IO_DRIVER_CODE:DIAG_SSW_ModuleInit)
                  000b2710    0000001c                : drv_DIAG_INT_ADC_Check.obj (.IO_DRIVER_CODE:DIAG_ADC_ModuleInit)
                  000b272c    00000004     --HOLE-- [fill = 00000000]
                  000b2730    0000001c                : drv_DIAG_INT_PWM_Check.obj (.IO_DRIVER_CODE:DIAG_PWM_ModuleInit)
                  000b274c    00000004     --HOLE-- [fill = 00000000]
                  000b2750    0000002c                : drv_DIAG_INT_DIO_Check.obj (.IO_DRIVER_CODE:DIAG_DIO_ModuleInit)
                  000b277c    00000004     --HOLE-- [fill = 00000000]
                  000b2780    00000014                : drv_DIAG_INT_VMON_Check.obj (.IO_DRIVER_CODE:DIAG_VMON_ModuleInit)
                  000b2794    0000000c     --HOLE-- [fill = 00000000]
                  000b27a0    00000024                : drv_DIAG_INT_ENTR_Check.obj (.IO_DRIVER_CODE:DIAG_ENTR_ModuleInit)
                  000b27c4    0000000c     --HOLE-- [fill = 00000000]
                  000b27d0    00000110                : drv_DIAG_INT_States.obj (.IO_DRIVER_CODE:DIAG_Init)
                  000b28e0    00000028                : drv_IO_INT_CRYPT.obj (.IO_DRIVER_CODE:IO_INT_CRYPT_ubyte4_to_bytes)
                  000b2908    00000008     --HOLE-- [fill = 00000000]
                  000b2910    00000030                : drv_IO_INT_CRYPT.obj (.IO_DRIVER_CODE:IO_INT_CRYPT_bytes_to_ubyte4)
                  000b2940    000003a0                : drv_IO_INT_CRYPT.obj (.IO_DRIVER_CODE:IO_INT_CRYPT_md5hash)
                  000b2ce0    00000084                : drv_IO_INT_SHM.obj (.IO_DRIVER_CODE:IO_INT_SHM_VerifyIntegrity)
                  000b2d64    0000000c     --HOLE-- [fill = 00000000]
                  000b2d70    00000060                : drv_IO_INT_SHM.obj (.IO_DRIVER_CODE:IO_INT_SHM_Init)
                  000b2dd0    00000018                : drv_DIAG_INT_Core.obj (.IO_DRIVER_CODE:DIAG_INT_GetFlashStatus)
                  000b2de8    00000008     --HOLE-- [fill = 00000000]
                  000b2df0    00000018                : drv_DIAG_INT_Core.obj (.IO_DRIVER_CODE:DIAG_INT_GetRamB0Status)
                  000b2e08    00000008     --HOLE-- [fill = 00000000]
                  000b2e10    00000018                : drv_DIAG_INT_Core.obj (.IO_DRIVER_CODE:DIAG_INT_GetRamB1Status)
                  000b2e28    00000008     --HOLE-- [fill = 00000000]
                  000b2e30    00000124                : drv_IO_INT_ESM.obj (.IO_DRIVER_CODE:IO_INT_ESM_CheckCat1LowStatus)
                  000b2f54    0000000c     --HOLE-- [fill = 00000000]
                  000b2f60    00000018                : drv_DIAG_INT_Core.obj (.IO_DRIVER_CODE:DIAG_INT_GetCfgFlashStatus)
                  000b2f78    00000008     --HOLE-- [fill = 00000000]
                  000b2f80    000000b8                : drv_IO_INT_ESM.obj (.IO_DRIVER_CODE:IO_INT_ESM_CheckCat1HighStatus)
                  000b3038    00000008     --HOLE-- [fill = 00000000]
                  000b3040    00000080                : drv_IO_INT_SHM.obj (.IO_DRIVER_CODE:IO_INT_SHM_Read)
                  000b30c0    000000e0                : drv_IO_INT_ESM.obj (.IO_DRIVER_CODE:IO_INT_ESM_CheckEsmInitStatus)
                  000b31a0    0000005c                : drv_IO_INT_SHM.obj (.IO_DRIVER_CODE:IO_INT_SHM_GenIntegrityInfo)
                  000b31fc    00000004     --HOLE-- [fill = 00000000]
                  000b3200    000000a4                : drv_IO_INT_SHM.obj (.IO_DRIVER_CODE:IO_INT_SHM_Write)
                  000b32a4    0000000c     --HOLE-- [fill = 00000000]
                  000b32b0    00000084                : drv_IO_Driver.obj (.IO_DRIVER_CODE:IO_Driver_VEC_Init)
                  000b3334    0000000c     --HOLE-- [fill = 00000000]
                  000b3340    00000084                : drv_IO_Tools.obj (.IO_DRIVER_CODE:IO_Tools_CalcCRC)
                  000b33c4    0000000c     --HOLE-- [fill = 00000000]
                  000b33d0    00000074                : drv_IO_INT_Variant.obj (.IO_DRIVER_CODE:IO_INT_Variant_CheckProdData)
                  000b3444    0000000c     --HOLE-- [fill = 00000000]
                  000b3450    00000064                : drv_IO_INT_Variant.obj (.IO_DRIVER_CODE:IO_INT_Variant_CheckSerial)
                  000b34b4    0000000c     --HOLE-- [fill = 00000000]
                  000b34c0    00000034                : drv_IO_INT_Variant.obj (.IO_DRIVER_CODE:IO_INT_Variant_CheckCRC)
                  000b34f4    0000000c     --HOLE-- [fill = 00000000]
                  000b3500    0000010c                : drv_IO_INT_Variant.obj (.IO_DRIVER_CODE:IO_INT_Variant_GetProdCode)
                  000b360c    00000004     --HOLE-- [fill = 00000000]
                  000b3610    00000058                : drv_IO_INT_Variant.obj (.IO_DRIVER_CODE:IO_INT_Variant_ProdCodeComp_HW)
                  000b3668    00000008     --HOLE-- [fill = 00000000]
                  000b3670    0000004c                : drv_IO_INT_Variant.obj (.IO_DRIVER_CODE:IO_INT_Variant_ProdCodeComp_SW)
                  000b36bc    00000004     --HOLE-- [fill = 00000000]
                  000b36c0    000000d8                : drv_IO_INT_Variant.obj (.IO_DRIVER_CODE:IO_INT_Variant_Decode)
                  000b3798    00000008     --HOLE-- [fill = 00000000]
                  000b37a0    00000038                : drv_IO_INT_Variant.obj (.IO_DRIVER_CODE:IO_INT_Variant_Write)
                  000b37d8    00000008     --HOLE-- [fill = 00000000]
                  000b37e0    00000064                : drv_IO_INT_Variant.obj (.IO_DRIVER_CODE:IO_INT_Variant_Read)
                  000b3844    0000000c     --HOLE-- [fill = 00000000]
                  000b3850    000000b4                : drv_IO_INT_Variant.obj (.IO_DRIVER_CODE:IO_INT_Variant_GetVariantCfg)
                  000b3904    0000000c     --HOLE-- [fill = 00000000]
                  000b3910    00000150                : drv_IO_INT_Variant.obj (.IO_DRIVER_CODE:IO_INT_Variant_Init)
                  000b3a60    00000074                : drv_IO_INT_Variant.obj (.IO_DRIVER_CODE:IO_INT_Variant_GetPinAvail_Option)
                  000b3ad4    0000000c     --HOLE-- [fill = 00000000]
                  000b3ae0    00000070                : drv_IO_INT_Variant.obj (.IO_DRIVER_CODE:IO_INT_Variant_GetPinAvail_IO)
                  000b3b50    00000064                : drv_IO_ADC.obj (.IO_DRIVER_CODE:IO_ADC_VariantInit)
                  000b3bb4    0000000c     --HOLE-- [fill = 00000000]
                  000b3bc0    00000010                : drv_IO_Driver.obj (.IO_DRIVER_CODE:IO_Driver_EnableInterrupts)
                  000b3bd0    0000000c     bsp.lib : bsp_sys_startup.obj (.IO_DRIVER_CODE:get_mcu_configuration)
                  000b3bdc    00000004     --HOLE-- [fill = 00000000]
                  000b3be0    0000004c     ttc500.lib : drv_DIAG_INT_Core.obj (.IO_DRIVER_CODE:DIAG_INT_VimParityTest)
                  000b3c2c    00000020                : drv_asm_IO_INT_DEBUG_ASM.obj (.IO_DRIVER_CODE:IO_INT_DEBUG_ReadDbgBaseAddr)
                  000b3c4c    00000004     --HOLE-- [fill = 00000000]
                  000b3c50    0000007c                : drv_IO_INT_DEBUG.obj (.IO_DRIVER_CODE:IO_INT_DEBUG_MaskDAbort)
                  000b3ccc    00000004     --HOLE-- [fill = 00000000]
                  000b3cd0    00000504                : drv_DIAG_INT_Core.obj (.IO_DRIVER_CODE:DIAG_INT_CoreInit)
                  000b41d4    0000000c     --HOLE-- [fill = 00000000]
                  000b41e0    00000080                : drv_IO_INT_SPI.obj (.IO_DRIVER_CODE:IO_INT_SPI_Init)
                  000b4260    00000080                : drv_DIAG_INT_Core.obj (.IO_DRIVER_CODE:DIAG_INT_SpiParityTest)
                  000b42e0    0000004c                : drv_DIAG_INT_Core.obj (.IO_DRIVER_CODE:DIAG_INT_DmaMpuTest)
                  000b432c    00000004     --HOLE-- [fill = 00000000]
                  000b4330    0000004c                : drv_DIAG_INT_Core.obj (.IO_DRIVER_CODE:DIAG_INT_DmaParityTest)
                  000b437c    00000004     --HOLE-- [fill = 00000000]
                  000b4380    000000dc                : drv_DIAG_INT_Core.obj (.IO_DRIVER_CODE:DIAG_INT_DmaBasicTest)
                  000b445c    00000004     --HOLE-- [fill = 00000000]
                  000b4460    00000084                : drv_IO_Driver.obj (.IO_DRIVER_CODE:IO_Driver_DMA_Init)
                  000b44e4    0000000c     --HOLE-- [fill = 00000000]
                  000b44f0    0000004c                : drv_IO_CAN.obj (.IO_DRIVER_CODE:IO_CAN_CPU_InitDefault)
                  000b453c    00000004     --HOLE-- [fill = 00000000]
                  000b4540    0000009c                : drv_IO_INT_SPI.obj (.IO_DRIVER_CODE:IO_INT_SPI_SetBuffers)
                  000b45dc    00000004     --HOLE-- [fill = 00000000]
                  000b45e0    0000002c                : drv_IO_INT_SHIFT.obj (.IO_DRIVER_CODE:IO_INT_SHIFT_SafetyInit)
                  000b460c    00000004     --HOLE-- [fill = 00000000]
                  000b4610    00000060                : drv_IO_INT_SHIFT.obj (.IO_DRIVER_CODE:IO_INT_SHIFT_Init)
                  000b4670    0000007c                : drv_IO_POWER.obj (.IO_DRIVER_CODE:IO_POWER_Init)
                  000b46ec    00000004     --HOLE-- [fill = 00000000]
                  000b46f0    00000050                : drv_DIAG_INT_Core.obj (.IO_DRIVER_CODE:DIAG_INT_DCC_Init)
                  000b4740    00000070                : drv_IO_INT_FPGA.obj (.IO_DRIVER_CODE:IO_INT_FPGA_ReadFIDB)
                  000b47b0    000001a4                : drv_IO_INT_FPGA.obj (.IO_DRIVER_CODE:IO_INT_FPGA_SendImage_RLE)
                  000b4954    0000000c     --HOLE-- [fill = 00000000]
                  000b4960    0000005c                : drv_IO_INT_FPGA.obj (.IO_DRIVER_CODE:IO_INT_FPGA_SendImage_Plain)
                  000b49bc    00000004     --HOLE-- [fill = 00000000]
                  000b49c0    00000050                : drv_IO_INT_FPGA.obj (.IO_DRIVER_CODE:IO_INT_FPGA_SendImage_Finalize)
                  000b4a10    00000080                : drv_IO_INT_FPGA.obj (.IO_DRIVER_CODE:IO_INT_FPGA_VersionCheck)
                  000b4a90    00000070                : drv_IO_INT_Variant.obj (.IO_DRIVER_CODE:IO_INT_Variant_GetPinAvail_Full)
                  000b4b00    000000b4                : drv_IO_CAN.obj (.IO_DRIVER_CODE:IO_CAN_FPGA_InitDefault)
                  000b4bb4    0000000c     --HOLE-- [fill = 00000000]
                  000b4bc0    000000cc                : drv_IO_INT_FPGA.obj (.IO_DRIVER_CODE:IO_INT_FPGA_InitRegisters)
                  000b4c8c    00000004     --HOLE-- [fill = 00000000]
                  000b4c90    000001fc                : drv_IO_INT_FPGA.obj (.IO_DRIVER_CODE:IO_Driver_FPGA_Init)
                  000b4e8c    00000004     --HOLE-- [fill = 00000000]
                  000b4e90    00000054                : drv_IO_Driver.obj (.IO_DRIVER_CODE:IO_Driver_DMA_EnableADCHwTrigger)
                  000b4ee4    0000000c     --HOLE-- [fill = 00000000]
                  000b4ef0    000000c8                : drv_DIAG_INT_Core.obj (.IO_DRIVER_CODE:DIAG_INT_NhetParityTest)
                  000b4fb8    00000008     --HOLE-- [fill = 00000000]
                  000b4fc0    00000078                : drv_DIAG_INT_Core.obj (.IO_DRIVER_CODE:DIAG_INT_AdcParityTest)
                  000b5038    00000008     --HOLE-- [fill = 00000000]
                  000b5040    00000b2c                : drv_IO_INT_ADC.obj (.IO_DRIVER_CODE:IO_INT_ADC_MuxInit)
                  000b5b6c    00000004     --HOLE-- [fill = 00000000]
                  000b5b70    00000050                : drv_IO_ADC.obj (.IO_DRIVER_CODE:IO_ADC_StatusInit)
                  000b5bc0    0000011c                : drv_IO_INT_ADC.obj (.IO_DRIVER_CODE:IO_INT_ADC_Init)
                  000b5cdc    00000004     --HOLE-- [fill = 00000000]
                  000b5ce0    00000634                : drv_IO_INT_PWM.obj (.IO_DRIVER_CODE:IO_INT_PWM_GPIO_Init)
                  000b6314    0000000c     --HOLE-- [fill = 00000000]
                  000b6320    000001bc                : drv_IO_INT_PWM.obj (.IO_DRIVER_CODE:IO_INT_PWM_SSW_Init)
                  000b64dc    00000004     --HOLE-- [fill = 00000000]
                  000b64e0    00000248                : drv_IO_INT_PWM.obj (.IO_DRIVER_CODE:IO_INT_PWM_Timer_Init)
                  000b6728    00000008     --HOLE-- [fill = 00000000]
                  000b6730    00000098                : drv_IO_PWM.obj (.IO_DRIVER_CODE:IO_PWM_StatusInit)
                  000b67c8    00000008     --HOLE-- [fill = 00000000]
                  000b67d0    00000118                : drv_IO_INT_PWM.obj (.IO_DRIVER_CODE:IO_INT_PWM_Init)
                  000b68e8    00000008     --HOLE-- [fill = 00000000]
                  000b68f0    00000074                : drv_IO_PWD.obj (.IO_DRIVER_CODE:IO_PWD_StatusInit)
                  000b6964    0000000c     --HOLE-- [fill = 00000000]
                  000b6970    000000a0                : drv_IO_INT_PWD.obj (.IO_DRIVER_CODE:IO_INT_PWD_Init)
                  000b6a10    0000012c                : drv_IO_Driver.obj (.IO_DRIVER_CODE:IO_Driver_NHET_InitStart)
                  000b6b3c    00000004     --HOLE-- [fill = 00000000]
                  000b6b40    0000005c                : drv_IO_INT_ADC.obj (.IO_DRIVER_CODE:IO_INT_ADC_MuxEnable)
[...]
000c8f90  local     $a (.IO_DRIVER_CODE:IO_INT_EMAC_RMIISpeedSet)
00000000  local     $a (.IO_DRIVER_CODE:IO_INT_EMAC_MIIEnable)
00000000  local     $a (.IO_DRIVER_CODE:IO_INT_EMAC_MACSrcAddrSet)
00000000  local     $a (.IO_DRIVER_CODE:IO_INT_EMAC_MACAddrSet)
00000000  local     $a (.IO_DRIVER_CODE:IO_INT_EMAC_Init)
000c8fd0  local     $a (.IO_DRIVER_CODE:IO_INT_EMAC_DuplexSet)
00000000  local     $a (.IO_DRIVER_CODE:IO_INT_EMAC_DeInit)
000c9160  local     $a (.IO_DRIVER_CODE:IO_INT_EMAC_CoreIntAck)
000c9160  local     .IO_DRIVER_CODE:IO_INT_EMAC_CoreIntAck (.IO_DRIVER_CODE:IO_INT_EMAC_CoreIntAck)
00000000  local     .IO_DRIVER_CODE:IO_INT_EMAC_DeInit (.IO_DRIVER_CODE:IO_INT_EMAC_DeInit)
000c8fd0  local     .IO_DRIVER_CODE:IO_INT_EMAC_DuplexSet (.IO_DRIVER_CODE:IO_INT_EMAC_DuplexSet)
00000000  local     .IO_DRIVER_CODE:IO_INT_EMAC_Init (.IO_DRIVER_CODE:IO_INT_EMAC_Init)
00000000  local     .IO_DRIVER_CODE:IO_INT_EMAC_MACAddrSet (.IO_DRIVER_CODE:IO_INT_EMAC_MACAddrSet)
00000000  local     .IO_DRIVER_CODE:IO_INT_EMAC_MACSrcAddrSet (.IO_DRIVER_CODE:IO_INT_EMAC_MACSrcAddrSet)
00000000  local     .IO_DRIVER_CODE:IO_INT_EMAC_MIIEnable (.IO_DRIVER_CODE:IO_INT_EMAC_MIIEnable)
000c8f90  local     .IO_DRIVER_CODE:IO_INT_EMAC_RMIISpeedSet (.IO_DRIVER_CODE:IO_INT_EMAC_RMIISpeedSet)
00000000  local     .IO_DRIVER_CODE:IO_INT_EMAC_RxBroadCastEnable (.IO_DRIVER_CODE:IO_INT_EMAC_RxBroadCastEnable)
000c9140  local     .IO_DRIVER_CODE:IO_INT_EMAC_RxCPWrite (.IO_DRIVER_CODE:IO_INT_EMAC_RxCPWrite)
00000000  local     .IO_DRIVER_CODE:IO_INT_EMAC_RxEnable (.IO_DRIVER_CODE:IO_INT_EMAC_RxEnable)
000c9150  local     .IO_DRIVER_CODE:IO_INT_EMAC_RxHdrDescPtrWrite (.IO_DRIVER_CODE:IO_INT_EMAC_RxHdrDescPtrWrite)
00000000  local     .IO_DRIVER_CODE:IO_INT_EMAC_RxMultiCastEnable (.IO_DRIVER_CODE:IO_INT_EMAC_RxMultiCastEnable)
00000000  local     .IO_DRIVER_CODE:IO_INT_EMAC_RxMultiCastJoin (.IO_DRIVER_CODE:IO_INT_EMAC_RxMultiCastJoin)
00000000  local     .IO_DRIVER_CODE:IO_INT_EMAC_RxUniCastEnable (.IO_DRIVER_CODE:IO_INT_EMAC_RxUniCastEnable)
000c9a00  local     .IO_DRIVER_CODE:IO_INT_EMAC_TxCPWrite (.IO_DRIVER_CODE:IO_INT_EMAC_TxCPWrite)
00000000  local     .IO_DRIVER_CODE:IO_INT_EMAC_TxEnable (.IO_DRIVER_CODE:IO_INT_EMAC_TxEnable)
000c9ad0  local     .IO_DRIVER_CODE:IO_INT_EMAC_TxHdrDescPtrWrite (.IO_DRIVER_CODE:IO_INT_EMAC_TxHdrDescPtrWrite)
00000000  local     .text (.text)
000c9160  global    IO_INT_EMAC_CoreIntAck (.IO_DRIVER_CODE:IO_INT_EMAC_CoreIntAck)
00000000  global    IO_INT_EMAC_DeInit (.IO_DRIVER_CODE:IO_INT_EMAC_DeInit)
000c8fd0  global    IO_INT_EMAC_DuplexSet (.IO_DRIVER_CODE:IO_INT_EMAC_DuplexSet)
00000000  global    IO_INT_EMAC_Init (.IO_DRIVER_CODE:IO_INT_EMAC_Init)
00000000  global    IO_INT_EMAC_MACAddrSet (.IO_DRIVER_CODE:IO_INT_EMAC_MACAddrSet)
00000000  global    IO_INT_EMAC_MACSrcAddrSet (.IO_DRIVER_CODE:IO_INT_EMAC_MACSrcAddrSet)
00000000  global    IO_INT_EMAC_MIIEnable (.IO_DRIVER_CODE:IO_INT_EMAC_MIIEnable)
000c8f90  global    IO_INT_EMAC_RMIISpeedSet (.IO_DRIVER_CODE:IO_INT_EMAC_RMIISpeedSet)
00000000  global    IO_INT_EMAC_RxBroadCastEnable (.IO_DRIVER_CODE:IO_INT_EMAC_RxBroadCastEnable)
000c9140  global    IO_INT_EMAC_RxCPWrite (.IO_DRIVER_CODE:IO_INT_EMAC_RxCPWrite)
00000000  global    IO_INT_EMAC_RxEnable (.IO_DRIVER_CODE:IO_INT_EMAC_RxEnable)
000c9150  global    IO_INT_EMAC_RxHdrDescPtrWrite (.IO_DRIVER_CODE:IO_INT_EMAC_RxHdrDescPtrWrite)
00000000  global    IO_INT_EMAC_RxMultiCastEnable (.IO_DRIVER_CODE:IO_INT_EMAC_RxMultiCastEnable)
00000000  global    IO_INT_EMAC_RxMultiCastJoin (.IO_DRIVER_CODE:IO_INT_EMAC_RxMultiCastJoin)
00000000  global    IO_INT_EMAC_RxUniCastEnable (.IO_DRIVER_CODE:IO_INT_EMAC_RxUniCastEnable)
000c9a00  global    IO_INT_EMAC_TxCPWrite (.IO_DRIVER_CODE:IO_INT_EMAC_TxCPWrite)
00000000  global    IO_INT_EMAC_TxEnable (.IO_DRIVER_CODE:IO_INT_EMAC_TxEnable)
000c9ad0  global    IO_INT_EMAC_TxHdrDescPtrWrite (.IO_DRIVER_CODE:IO_INT_EMAC_TxHdrDescPtrWrite)


================================================================================

bsp.lib : bsp_sys_startup.obj

Run/Load            
Value     Binding   Name (Section)
--------  --------  ---------------
000cf200  local     $C$L1 (.IO_DRIVER_CODE:vim_parity_error)
000b0a40  local     $C$L10 (.IO_DRIVER_CODE:stack_init)
000b0a80  local     $C$L11 (.IO_DRIVER_CODE:stack_init)
000b0a94  local     $C$L12 (.IO_DRIVER_CODE:stack_init)
000b0aa0  local     $C$L13 (.IO_DRIVER_CODE:stack_init)
000b0ae0  local     $C$L14 (.IO_DRIVER_CODE:stack_init)
000b0af4  local     $C$L15 (.IO_DRIVER_CODE:stack_init)
000b0b00  local     $C$L16 (.IO_DRIVER_CODE:stack_init)
000b0b40  local     $C$L17 (.IO_DRIVER_CODE:stack_init)
000b0b54  local     $C$L18 (.IO_DRIVER_CODE:stack_init)
000b0b60  local     $C$L19 (.IO_DRIVER_CODE:stack_init)
000cf9f0  local     $C$L2 (.IO_DRIVER_CODE:custom_undef)
000b0ba0  local     $C$L20 (.IO_DRIVER_CODE:stack_init)
000b0bb4  local     $C$L21 (.IO_DRIVER_CODE:stack_init)
000b0bc0  local     $C$L22 (.IO_DRIVER_CODE:stack_init)
000b0c00  local     $C$L23 (.IO_DRIVER_CODE:stack_init)
000b0c14  local     $C$L24 (.IO_DRIVER_CODE:stack_init)
000b0c90  local     $C$L25 (.IO_DRIVER_CODE:heap_init)
000b0ca4  local     $C$L26 (.IO_DRIVER_CODE:heap_init)
000b0d60  local     $C$L27 (.IO_DRIVER_CODE:mem_init)
000b0de0  local     $C$L28 (.IO_DRIVER_CODE:mem_init)
000b0e08  local     $C$L29 (.IO_DRIVER_CODE:mem_init)
000cf40c  local     $C$L3 (.IO_DRIVER_CODE:custom_pabort)
000c3c80  local     $C$L30 (.IO_DRIVER_CODE:_c_int00)
000c3c90  local     $C$L31 (.IO_DRIVER_CODE:_c_int00)
000b0560  local     $C$L32 (.IO_DRIVER_CODE:RAM_Fail)
000cf430  local     $C$L4 (.IO_DRIVER_CODE:custom_pabort)
000cf5fc  local     $C$L5 (.IO_DRIVER_CODE:custom_dabort)
000cf620  local     $C$L6 (.IO_DRIVER_CODE:custom_dabort)
000c3d60  local     $C$L7 (.IO_DRIVER_CODE:crossover_interrupt)
000b0a20  local     $C$L8 (.IO_DRIVER_CODE:stack_init)
000b0a34  local     $C$L9 (.IO_DRIVER_CODE:stack_init)
000d36d0  local     $P$T0$1 (.const:$P$T0$1)
000cf1c0  local     $a (.IO_DRIVER_CODE:vim_parity_error)
000b0cc0  local     $a (.IO_DRIVER_CODE:get_shared_memory)
000b3bd0  local     $a (.IO_DRIVER_CODE:get_mcu_configuration)
000cf9c0  local     $a (.IO_DRIVER_CODE:custom_undef)
000cf3b0  local     $a (.IO_DRIVER_CODE:custom_pabort)
000cf5a0  local     $a (.IO_DRIVER_CODE:custom_dabort)
000c3d60  local     $a (.IO_DRIVER_CODE:crossover_interrupt)
000b09d0  local     $a (.IO_DRIVER_CODE:stack_init)
000b0c30  local     $a (.IO_DRIVER_CODE:heap_init)
000b0cd0  local     $a (.IO_DRIVER_CODE:mem_init)
000c3c20  local     $a (.IO_DRIVER_CODE:_c_int00)
000b0560  local     $a (.IO_DRIVER_CODE:RAM_Fail)
000d36d0  local     $d (.const:$P$T0$1)
000b0560  local     .IO_DRIVER_CODE:RAM_Fail (.IO_DRIVER_CODE:RAM_Fail)
000c3c20  local     .IO_DRIVER_CODE:_c_int00 (.IO_DRIVER_CODE:_c_int00)
000c3d60  local     .IO_DRIVER_CODE:crossover_interrupt (.IO_DRIVER_CODE:crossover_interrupt)
000cf5a0  local     .IO_DRIVER_CODE:custom_dabort (.IO_DRIVER_CODE:custom_dabort)
000cf3b0  local     .IO_DRIVER_CODE:custom_pabort (.IO_DRIVER_CODE:custom_pabort)
000cf9c0  local     .IO_DRIVER_CODE:custom_undef (.IO_DRIVER_CODE:custom_undef)
000b3bd0  local     .IO_DRIVER_CODE:get_mcu_configuration (.IO_DRIVER_CODE:get_mcu_configuration)
000b0cc0  local     .IO_DRIVER_CODE:get_shared_memory (.IO_DRIVER_CODE:get_shared_memory)
000b0c30  local     .IO_DRIVER_CODE:heap_init (.IO_DRIVER_CODE:heap_init)
000b0cd0  local     .IO_DRIVER_CODE:mem_init (.IO_DRIVER_CODE:mem_init)
000b09d0  local     .IO_DRIVER_CODE:stack_init (.IO_DRIVER_CODE:stack_init)
000cf1c0  local     .IO_DRIVER_CODE:vim_parity_error (.IO_DRIVER_CODE:vim_parity_error)
000d36d0  local     .const:$P$T0$1 (.const:$P$T0$1)
00000000  local     .text (.text)
000b0560  global    RAM_Fail (.IO_DRIVER_CODE:RAM_Fail)
000c3c20  global    _c_int00 (.IO_DRIVER_CODE:_c_int00)
000c3d60  global    crossover_interrupt (.IO_DRIVER_CODE:crossover_interrupt)
000cf5a0  global    custom_dabort (.IO_DRIVER_CODE:custom_dabort)
000cf3b0  global    custom_pabort (.IO_DRIVER_CODE:custom_pabort)
000cf9c0  global    custom_undef (.IO_DRIVER_CODE:custom_undef)
000b3bd0  global    get_mcu_configuration (.IO_DRIVER_CODE:get_mcu_configuration)
000b0cc0  global    get_shared_memory (.IO_DRIVER_CODE:get_shared_memory)
000b0c30  local     heap_init (.IO_DRIVER_CODE:heap_init)
000b0cd0  local     mem_init (.IO_DRIVER_CODE:mem_init)
000b09d0  local     stack_init (.IO_DRIVER_CODE:stack_init)
000cf1c0  global    vim_parity_error (.IO_DRIVER_CODE:vim_parity_error)


================================================================================

rtsv7R4_T_be_v3D16_eabi.lib : auto_init.obj

Run/Load            
Value     Binding   Name (Section)
--------  --------  ---------------
000d24fc  local     $d (.text)
000d2480  local     $t (.text)
000d2480  local     .text (.text)
000d2481  global    __TI_auto_init (.text)
000d248f  local     _b1_ (.text)
000d2495  local     _b1_loop_ (.text)
000d24a7  local     _b1_loop_end_ (.text)
000d24dd  local     _bcopy (.text)
000d24a7  local     _c1_ (.text)
000d24e9  local     _cont (.text)
000d24ab  local     _loop_ (.text)
000d24b5  local     _loop_end_ (.text)
000d24d9  local     _wcont (.text)
000d24cd  local     _wcopy (.text)
000d24fc  local     c_binit (.text)
000d250c  local     c_cinit_end (.text)
000d2508  local     c_cinit_start (.text)
000d2500  local     c_pinit (.text)
000d2504  local     c_pinit_end (.text)
000d2510  local     handler_start (.text)
000d24b7  local     perform_cinit (.text)
000d24f3  local     rec_chk (.text)
000d24bb  local     record (.text)


================================================================================

rtsv7R4_T_be_v3D16_eabi.lib : copy_decompress_none.obj

Run/Load            
Value     Binding   Name (Section)
--------  --------  ---------------
000d365a  local     $t (.text:decompress:none)
00000000  local     .text (.text)
000d365a  local     .text:decompress:none (.text:decompress:none)
000d365b  global    __TI_decompress_none (.text:decompress:none)


================================================================================

rtsv7R4_T_be_v3D16_eabi.lib : copy_decompress_rle.obj

Run/Load            
Value     Binding   Name (Section)
--------  --------  ---------------
000d3671  local     $C$L1 (.text)
000d367d  local     $C$L2 (.text)
000d368b  local     $C$L3 (.text)
000d368f  local     $C$L4 (.text)
000d3695  local     $C$L5 (.text)
000d3699  local     $C$L6 (.text)
000d369d  local     $C$L7 (.text)
000d36a7  local     $C$L8 (.text)
000d36ab  local     $C$L9 (.text)
000d3668  local     $t (.text)
000d2658  local     $t (.text:decompress:rle24)
00000000  local     $t (.text:decompress:rle)
000d3668  local     .text (.text)
00000000  local     .text:decompress:rle (.text:decompress:rle)
000d2658  local     .text:decompress:rle24 (.text:decompress:rle24)
00000001  global    __TI_decompress_rle (.text:decompress:rle)
000d2659  global    __TI_decompress_rle24 (.text:decompress:rle24)
000d3669  local     __TI_decompress_rle_core (.text)


================================================================================

rtsv7R4_T_be_v3D16_eabi.lib : copy_zero_init.obj

Run/Load            
Value     Binding   Name (Section)
--------  --------  ---------------
000d3651  local     $C$L1 (.text:decompress:ZI)
000d3659  local     $C$L2 (.text:decompress:ZI)
000d3648  local     $t (.text:decompress:ZI)
00000000  local     .text (.text)
000d3648  local     .text:decompress:ZI (.text:decompress:ZI)
000d3649  global    __TI_zero_init (.text:decompress:ZI)


================================================================================

rtsv7R4_T_be_v3D16_eabi.lib : cpy_tbl.obj

Run/Load            
Value     Binding   Name (Section)
--------  --------  ---------------
000d247c  local     $C$CON1 (.text)
000d2445  local     $C$L1 (.text)
000d2467  local     $C$L2 (.text)
000d246b  local     $C$L3 (.text)
000d246d  local     $C$L4 (.text)
000d2471  local     $C$L5 (.text)
000d247c  local     $d (.text)
000d2438  local     $t (.text)
000d2438  local     .text (.text)
000d2439  global    copy_in (.text)


================================================================================

rtsv7R4_T_be_v3D16_eabi.lib : ll_lsl_t2.obj

Run/Load            
Value     Binding   Name (Section)
--------  --------  ---------------
000d25ce  local     $t (.text)
000d25ce  local     .text (.text)
000d25cf  global    __aeabi_llsl (.text)


================================================================================

rtsv7R4_T_be_v3D16_eabi.lib : memcmp.obj

Run/Load            
Value     Binding   Name (Section)
--------  --------  ---------------
000d25bb  local     $C$L1 (.text)
000d25cb  local     $C$L2 (.text)
000d25cd  local     $C$L3 (.text)
000d25ac  local     $t (.text)
000d25ac  local     .text (.text)
000d25ad  global    memcmp (.text)


================================================================================

rtsv7R4_T_be_v3D16_eabi.lib : memcpy_t2.obj

Run/Load            
Value     Binding   Name (Section)
--------  --------  ---------------
000d239a  local     $t (.text)
000d239a  local     .text (.text)
000d239b  global    __aeabi_memcpy (.text)
000d239b  global    __aeabi_memcpy4 (.text)
000d239b  global    __aeabi_memcpy8 (.text)
000d23ab  local     _aln (.text)
000d23cd  local     _c12 (.text)
000d23d5  local     _c4 (.text)
000d23d1  local     _c8 (.text)
000d240d  local     _cp4 (.text)
000d23fd  local     _cp4s (.text)
000d2427  local     _lp1 (.text)
000d23b3  local     _lp16 (.text)
000d2423  local     _oddb (.text)
000d23d9  local     _oddsz (.text)
000d241f  local     _off1 (.text)
000d23f9  local     _off2 (.text)
000d23af  local     _ovr16 (.text)
000d2435  local     _ret2_ (.text)
000d2433  local     _ret_ (.text)
000d23f1  local     _saln (.text)
000d23c1  local     _udr16 (.text)
000d23e1  local     _unaln (.text)
000d239b  global    memcpy (.text)


================================================================================

rtsv7R4_T_be_v3D16_eabi.lib : memory.obj

Run/Load            
Value     Binding   Name (Section)
--------  --------  ---------------
00000300  local     $C$CON1 (.text)
000003d4  local     $C$CON10 (.text)
000002a8  local     $C$CON2 (.text)
000002ac  local     $C$CON3 (.text)
000002b0  local     $C$CON4 (.text)
00000304  local     $C$CON5 (.text)
000003c8  local     $C$CON6 (.text)
000003cc  local     $C$CON7 (.text)
000003d0  local     $C$CON9 (.text)
0000002d  local     $C$L1 (.text)
000000ad  local     $C$L10 (.text)
000000af  local     $C$L11 (.text)
000000b7  local     $C$L12 (.text)
000000bb  local     $C$L13 (.text)
000000db  local     $C$L14 (.text)
000000ff  local     $C$L15 (.text)
00000111  local     $C$L16 (.text)
00000123  local     $C$L17 (.text)
0000014f  local     $C$L18 (.text)
00000159  local     $C$L19 (.text)
0000003f  local     $C$L2 (.text)
0000016d  local     $C$L20 (.text)
00000171  local     $C$L21 (.text)
00000185  local     $C$L22 (.text)
0000019f  local     $C$L23 (.text)
000001a1  local     $C$L24 (.text)
000001a5  local     $C$L25 (.text)
000001a9  local     $C$L26 (.text)
000001c7  local     $C$L27 (.text)
000001d7  local     $C$L28 (.text)
000001dd  local     $C$L29 (.text)
00000043  local     $C$L3 (.text)
000001e3  local     $C$L30 (.text)
00000201  local     $C$L31 (.text)
00000249  local     $C$L32 (.text)
00000253  local     $C$L33 (.text)
00000265  local     $C$L34 (.text)
00000279  local     $C$L35 (.text)
0000027d  local     $C$L36 (.text)
0000029b  local     $C$L37 (.text)
0000029f  local     $C$L38 (.text)
000002a1  local     $C$L39 (.text)
00000049  local     $C$L4 (.text)
000002d7  local     $C$L40 (.text)
000002e1  local     $C$L41 (.text)
000002e7  local     $C$L42 (.text)
00000309  local     $C$L43 (.text)
0000030d  local     $C$L44 (.text)
0000032d  local     $C$L45 (.text)
00000335  local     $C$L46 (.text)
00000345  local     $C$L47 (.text)
00000347  local     $C$L48 (.text)
0000034d  local     $C$L49 (.text)
00000063  local     $C$L5 (.text)
00000353  local     $C$L50 (.text)
00000375  local     $C$L51 (.text)
00000381  local     $C$L52 (.text)
0000038f  local     $C$L53 (.text)
00000395  local     $C$L54 (.text)
000003bd  local     $C$L55 (.text)
000003c5  local     $C$L56 (.text)
00000079  local     $C$L6 (.text)
0000007d  local     $C$L7 (.text)
00000083  local     $C$L8 (.text)
0000009b  local     $C$L9 (.text)
00000000  local     $O1$$ (.data)
00000000  local     $d (.data)
000002a8  local     $d (.text)
00000300  local     $d (.text)
000003c8  local     $d (.text)
00000000  local     $t (.text)
00000022  local     $t (.text)
0000004c  local     $t (.text)
00000088  local     $t (.text)
000000ea  local     $t (.text)
000001aa  local     $t (.text)
000002b4  local     $t (.text)
00000308  local     $t (.text)
0000039a  local     $t (.text)
00000000  local     .data (.data)
080060c8  local     .sysmem (.sysmem)
00000000  local     .text (.text)
080060c8  global    _sys_memory (.sysmem)
0000039b  global    calloc (.text)
000000eb  global    free (.text)
00000089  global    malloc (.text)
000002b5  global    memalign (.text)
00000001  global    minit (.text)
0000004d  local     minsert (.text)
00000023  local     mremove (.text)
000001ab  global    realloc (.text)


================================================================================

rtsv7R4_T_be_v3D16_eabi.lib : no_stm_memcpy_t2.obj

Run/Load            
Value     Binding   Name (Section)
--------  --------  ---------------
000d22e0  local     $t (.text)
000d22e0  local     .text (.text)
000d22f1  local     _aln (.text)
000d232b  local     _c12 (.text)
000d2337  local     _c4 (.text)
000d2331  local     _c8 (.text)
000d2371  local     _cp4 (.text)
000d2361  local     _cp4s (.text)
000d238b  local     _lp1 (.text)
000d2303  local     _lp16 (.text)
000d2387  local     _oddb (.text)
000d233d  local     _oddsz (.text)
000d2383  local     _off1 (.text)
000d235d  local     _off2 (.text)
000d22f5  local     _ovr16 (.text)
000d2399  local     _ret2_ (.text)
000d2397  local     _ret_ (.text)
000d2355  local     _saln (.text)
000d231f  local     _udr16 (.text)
000d2345  local     _unaln (.text)
000d22e1  global    no_stm_memcpy (.text)


================================================================================

rtsv7R4_T_be_v3D16_eabi.lib : no_stm_memset_t2.obj

Run/Load            
Value     Binding   Name (Section)
--------  --------  ---------------
000d2514  local     $t (.text)
000d2514  local     .text (.text)
000d257f  local     _memset15 (.text)
000d256b  local     _memset16_loop (.text)
000d2599  local     _memset3 (.text)
000d258f  local     _memset7 (.text)
000d252f  local     _unaligned_loop (.text)
000d2545  local     _word_aligned (.text)
000d2515  global    no_stm_memset (.text)


================================================================================

rtsv7R4_T_be_v3D16_eabi.lib : _lock.obj

Run/Load            
Value     Binding   Name (Section)
--------  --------  ---------------
00000010  local     $C$CON1 (.text)
00000000  local     $O1$$ (.data)
00000000  local     $d (.data)
00000010  local     $d (.text)
00000000  local     $t (.text)
00000006  local     $t (.text)
0000000e  local     $t (.text)
00000000  local     .data (.data)
00000000  local     .text (.text)
00000000  global    _lock (.data)
0000000f  global    _nop (.text)
00000007  global    _register_lock (.text)
00000001  global    _register_unlock (.text)
00000004  global    _unlock (.data)


================================================================================

<linker>

Run/Load            
Value     Binding   Name (Section)
--------  --------  ---------------
000d4408  local     $d (.cinit..data.load)
000d3920  local     $d (.cinit..IO_DRIVER_VAR_NORMAL.load)
000d43f8  local     $d (.cinit..IO_DRIVER_VAR_COMMON.load)


================================================================================

